Archive member included to satisfy reference by file (symbol)

/opt/homebrew/Cellar/arm-gcc-bin@8/8-2019-q3-update_2/bin/../lib/gcc/arm-none-eabi/8.3.1/thumb/v6-m/nofp/libgcc.a(_thumb1_case_uqi.o)
                              build/SLAPSSHV1.0/hid.o (__gnu_thumb1_case_uqi)
/opt/homebrew/Cellar/arm-gcc-bin@8/8-2019-q3-update_2/bin/../lib/gcc/arm-none-eabi/8.3.1/../../../../arm-none-eabi/lib/thumb/v6-m/nofp/libg_nano.a(lib_a-memcpy-stub.o)
                              build/SLAPSSHV1.0/cdc_enumerate.o (memcpy)
/opt/homebrew/Cellar/arm-gcc-bin@8/8-2019-q3-update_2/bin/../lib/gcc/arm-none-eabi/8.3.1/../../../../arm-none-eabi/lib/thumb/v6-m/nofp/libg_nano.a(lib_a-memset.o)
                              build/SLAPSSHV1.0/cdc_enumerate.o (memset)
/opt/homebrew/Cellar/arm-gcc-bin@8/8-2019-q3-update_2/bin/../lib/gcc/arm-none-eabi/8.3.1/../../../../arm-none-eabi/lib/thumb/v6-m/nofp/libg_nano.a(lib_a-strlen.o)
                              build/SLAPSSHV1.0/cdc_enumerate.o (strlen)

Allocating common symbols
Common symbol       size              file

b_sharp_received    0x1               build/SLAPSSHV1.0/usart_sam_ba.o
timerHigh           0x4               build/SLAPSSHV1.0/utils.o
j                   0x1               build/SLAPSSHV1.0/sam_ba_monitor.o
idx_rx_write        0x1               build/SLAPSSHV1.0/usart_sam_ba.o
size_of_data        0x2               build/SLAPSSHV1.0/usart_sam_ba.o
ctrlOutCache        0x44              build/SLAPSSHV1.0/cdc_enumerate.o
length              0x4               build/SLAPSSHV1.0/sam_ba_monitor.o
ptr                 0x4               build/SLAPSSHV1.0/sam_ba_monitor.o
command             0x1               build/SLAPSSHV1.0/sam_ba_monitor.o
resetHorizon        0x4               build/SLAPSSHV1.0/utils.o
idx_tx_read         0x1               build/SLAPSSHV1.0/usart_sam_ba.o
i                   0x4               build/SLAPSSHV1.0/sam_ba_monitor.o
buffer_tx_usart     0x80              build/SLAPSSHV1.0/usart_sam_ba.o
error_timeout       0x1               build/SLAPSSHV1.0/usart_sam_ba.o
usb_endpoint_table  0x100             build/SLAPSSHV1.0/cdc_enumerate.o
data                0x41              build/SLAPSSHV1.0/sam_ba_monitor.o
mode_of_transfer    0x1               build/SLAPSSHV1.0/usart_sam_ba.o
ptr_data            0x4               build/SLAPSSHV1.0/sam_ba_monitor.o
idx_rx_read         0x1               build/SLAPSSHV1.0/usart_sam_ba.o
sp                  0x4               build/SLAPSSHV1.0/sam_ba_monitor.o
current_number      0x4               build/SLAPSSHV1.0/sam_ba_monitor.o
idx_tx_write        0x1               build/SLAPSSHV1.0/usart_sam_ba.o
endpointCache       0x220             build/SLAPSSHV1.0/cdc_enumerate.o
u32tmp              0x4               build/SLAPSSHV1.0/sam_ba_monitor.o
buffer_rx_usart     0x80              build/SLAPSSHV1.0/usart_sam_ba.o

Discarded input sections

 .text          0x0000000000000000        0x0 build/SLAPSSHV1.0/flash_samd21.o
 .data          0x0000000000000000        0x0 build/SLAPSSHV1.0/flash_samd21.o
 .bss           0x0000000000000000        0x0 build/SLAPSSHV1.0/flash_samd21.o
 .text.flash_write
                0x0000000000000000       0x90 build/SLAPSSHV1.0/flash_samd21.o
 .text          0x0000000000000000        0x0 build/SLAPSSHV1.0/init_samd21.o
 .data          0x0000000000000000        0x0 build/SLAPSSHV1.0/init_samd21.o
 .bss           0x0000000000000000        0x0 build/SLAPSSHV1.0/init_samd21.o
 .data.g_interrupt_enabled
                0x0000000000000000        0x1 build/SLAPSSHV1.0/init_samd21.o
 .text          0x0000000000000000        0x0 build/SLAPSSHV1.0/startup_samd21.o
 .data          0x0000000000000000        0x0 build/SLAPSSHV1.0/startup_samd21.o
 .bss           0x0000000000000000        0x0 build/SLAPSSHV1.0/startup_samd21.o
 .text          0x0000000000000000        0x0 build/SLAPSSHV1.0/usart_sam_ba.o
 .data          0x0000000000000000        0x0 build/SLAPSSHV1.0/usart_sam_ba.o
 .bss           0x0000000000000000        0x0 build/SLAPSSHV1.0/usart_sam_ba.o
 .text.usart_open
                0x0000000000000000       0xbc build/SLAPSSHV1.0/usart_sam_ba.o
 .text.usart_close
                0x0000000000000000       0x10 build/SLAPSSHV1.0/usart_sam_ba.o
 .text.usart_putc
                0x0000000000000000       0x14 build/SLAPSSHV1.0/usart_sam_ba.o
 .text.usart_getc
                0x0000000000000000       0x10 build/SLAPSSHV1.0/usart_sam_ba.o
 .text.usart_is_rx_ready
                0x0000000000000000       0x10 build/SLAPSSHV1.0/usart_sam_ba.o
 .text.usart_sharp_received
                0x0000000000000000       0x1a build/SLAPSSHV1.0/usart_sam_ba.o
 .text.usart_readc
                0x0000000000000000       0x20 build/SLAPSSHV1.0/usart_sam_ba.o
 .text.usart_putdata
                0x0000000000000000       0x1a build/SLAPSSHV1.0/usart_sam_ba.o
 .text.usart_getdata
                0x0000000000000000        0xe build/SLAPSSHV1.0/usart_sam_ba.o
 .text.getbytes
                0x0000000000000000       0x60 build/SLAPSSHV1.0/usart_sam_ba.o
 .text.getPacket
                0x0000000000000000       0x70 build/SLAPSSHV1.0/usart_sam_ba.o
 .text.usart_putdata_xmd
                0x0000000000000000      0x10c build/SLAPSSHV1.0/usart_sam_ba.o
 .text.usart_getdata_xmd
                0x0000000000000000       0xb8 build/SLAPSSHV1.0/usart_sam_ba.o
 COMMON         0x0000000000000000      0x109 build/SLAPSSHV1.0/usart_sam_ba.o
 .text          0x0000000000000000        0x0 build/SLAPSSHV1.0/screen.o
 .data          0x0000000000000000        0x0 build/SLAPSSHV1.0/screen.o
 .bss           0x0000000000000000        0x0 build/SLAPSSHV1.0/screen.o
 .debug_info    0x0000000000000000      0x993 build/SLAPSSHV1.0/screen.o
 .debug_abbrev  0x0000000000000000      0x1bd build/SLAPSSHV1.0/screen.o
 .debug_aranges
                0x0000000000000000       0x18 build/SLAPSSHV1.0/screen.o
 .debug_line    0x0000000000000000      0x1a6 build/SLAPSSHV1.0/screen.o
 .debug_str     0x0000000000000000      0x615 build/SLAPSSHV1.0/screen.o
 .comment       0x0000000000000000       0x77 build/SLAPSSHV1.0/screen.o
 .ARM.attributes
                0x0000000000000000       0x32 build/SLAPSSHV1.0/screen.o
 .text          0x0000000000000000        0x0 build/SLAPSSHV1.0/images.o
 .data          0x0000000000000000        0x0 build/SLAPSSHV1.0/images.o
 .bss           0x0000000000000000        0x0 build/SLAPSSHV1.0/images.o
 .rodata.arrowLogo
                0x0000000000000000       0x39 build/SLAPSSHV1.0/images.o
 .rodata.fileLogo
                0x0000000000000000       0x4a build/SLAPSSHV1.0/images.o
 .rodata.font8  0x0000000000000000      0x240 build/SLAPSSHV1.0/images.o
 .rodata.pendriveLogo
                0x0000000000000000       0x3e build/SLAPSSHV1.0/images.o
 .debug_info    0x0000000000000000      0x11e build/SLAPSSHV1.0/images.o
 .debug_abbrev  0x0000000000000000       0x6a build/SLAPSSHV1.0/images.o
 .debug_aranges
                0x0000000000000000       0x18 build/SLAPSSHV1.0/images.o
 .debug_line    0x0000000000000000       0xf2 build/SLAPSSHV1.0/images.o
 .debug_str     0x0000000000000000      0x1e0 build/SLAPSSHV1.0/images.o
 .comment       0x0000000000000000       0x77 build/SLAPSSHV1.0/images.o
 .ARM.attributes
                0x0000000000000000       0x32 build/SLAPSSHV1.0/images.o
 .text          0x0000000000000000        0x0 build/SLAPSSHV1.0/utils.o
 .data          0x0000000000000000        0x0 build/SLAPSSHV1.0/utils.o
 .bss           0x0000000000000000        0x0 build/SLAPSSHV1.0/utils.o
 .text.panic    0x0000000000000000        0x2 build/SLAPSSHV1.0/utils.o
 .text          0x0000000000000000        0x0 build/SLAPSSHV1.0/cdc_enumerate.o
 .data          0x0000000000000000        0x0 build/SLAPSSHV1.0/cdc_enumerate.o
 .bss           0x0000000000000000        0x0 build/SLAPSSHV1.0/cdc_enumerate.o
 .text.reset_ep
                0x0000000000000000       0x24 build/SLAPSSHV1.0/cdc_enumerate.o
 .text.stall_ep
                0x0000000000000000       0x20 build/SLAPSSHV1.0/cdc_enumerate.o
 .text.cdc_is_rx_ready
                0x0000000000000000       0x20 build/SLAPSSHV1.0/cdc_enumerate.o
 .text          0x0000000000000000        0x0 build/SLAPSSHV1.0/fat.o
 .data          0x0000000000000000        0x0 build/SLAPSSHV1.0/fat.o
 .bss           0x0000000000000000        0x0 build/SLAPSSHV1.0/fat.o
 .text          0x0000000000000000        0x0 build/SLAPSSHV1.0/main.o
 .data          0x0000000000000000        0x0 build/SLAPSSHV1.0/main.o
 .bss           0x0000000000000000        0x0 build/SLAPSSHV1.0/main.o
 .text          0x0000000000000000        0x0 build/SLAPSSHV1.0/msc.o
 .data          0x0000000000000000        0x0 build/SLAPSSHV1.0/msc.o
 .bss           0x0000000000000000        0x0 build/SLAPSSHV1.0/msc.o
 .text.msc_reset
                0x0000000000000000       0x1c build/SLAPSSHV1.0/msc.o
 .text.udd_ep_set_halt
                0x0000000000000000       0x10 build/SLAPSSHV1.0/msc.o
 .bss.mscReset  0x0000000000000000        0x1 build/SLAPSSHV1.0/msc.o
 .text          0x0000000000000000        0x0 build/SLAPSSHV1.0/sam_ba_monitor.o
 .data          0x0000000000000000        0x0 build/SLAPSSHV1.0/sam_ba_monitor.o
 .bss           0x0000000000000000        0x0 build/SLAPSSHV1.0/sam_ba_monitor.o
 .text.sam_ba_monitor_init
                0x0000000000000000        0x2 build/SLAPSSHV1.0/sam_ba_monitor.o
 .text.sam_ba_putdata_term
                0x0000000000000000        0x8 build/SLAPSSHV1.0/sam_ba_monitor.o
 .text          0x0000000000000000        0x0 build/SLAPSSHV1.0/uart_driver.o
 .data          0x0000000000000000        0x0 build/SLAPSSHV1.0/uart_driver.o
 .bss           0x0000000000000000        0x0 build/SLAPSSHV1.0/uart_driver.o
 .text.uart_get_sercom_index
                0x0000000000000000       0x2c build/SLAPSSHV1.0/uart_driver.o
 .text.uart_basic_init
                0x0000000000000000       0x58 build/SLAPSSHV1.0/uart_driver.o
 .text.uart_disable
                0x0000000000000000       0x10 build/SLAPSSHV1.0/uart_driver.o
 .text.uart_write_byte
                0x0000000000000000        0xc build/SLAPSSHV1.0/uart_driver.o
 .text.uart_read_byte
                0x0000000000000000       0x28 build/SLAPSSHV1.0/uart_driver.o
 .text.uart_write_buffer_polled
                0x0000000000000000       0x20 build/SLAPSSHV1.0/uart_driver.o
 .text.uart_read_buffer_polled
                0x0000000000000000       0x3c build/SLAPSSHV1.0/uart_driver.o
 .rodata        0x0000000000000000       0x10 build/SLAPSSHV1.0/uart_driver.o
 .bss.uart_drv_error_flag
                0x0000000000000000        0x1 build/SLAPSSHV1.0/uart_driver.o
 .debug_info    0x0000000000000000     0x291e build/SLAPSSHV1.0/uart_driver.o
 .debug_abbrev  0x0000000000000000      0x2f6 build/SLAPSSHV1.0/uart_driver.o
 .debug_loc     0x0000000000000000      0x1b1 build/SLAPSSHV1.0/uart_driver.o
 .debug_aranges
                0x0000000000000000       0x50 build/SLAPSSHV1.0/uart_driver.o
 .debug_ranges  0x0000000000000000       0x58 build/SLAPSSHV1.0/uart_driver.o
 .debug_line    0x0000000000000000      0x4cd build/SLAPSSHV1.0/uart_driver.o
 .debug_str     0x0000000000000000      0xe09 build/SLAPSSHV1.0/uart_driver.o
 .comment       0x0000000000000000       0x77 build/SLAPSSHV1.0/uart_driver.o
 .debug_frame   0x0000000000000000       0xb0 build/SLAPSSHV1.0/uart_driver.o
 .ARM.attributes
                0x0000000000000000       0x2c build/SLAPSSHV1.0/uart_driver.o
 .text          0x0000000000000000        0x0 build/SLAPSSHV1.0/hid.o
 .data          0x0000000000000000        0x0 build/SLAPSSHV1.0/hid.o
 .bss           0x0000000000000000        0x0 build/SLAPSSHV1.0/hid.o
 .data          0x0000000000000000        0x0 /opt/homebrew/Cellar/arm-gcc-bin@8/8-2019-q3-update_2/bin/../lib/gcc/arm-none-eabi/8.3.1/thumb/v6-m/nofp/libgcc.a(_thumb1_case_uqi.o)
 .bss           0x0000000000000000        0x0 /opt/homebrew/Cellar/arm-gcc-bin@8/8-2019-q3-update_2/bin/../lib/gcc/arm-none-eabi/8.3.1/thumb/v6-m/nofp/libgcc.a(_thumb1_case_uqi.o)
 .text          0x0000000000000000        0x0 /opt/homebrew/Cellar/arm-gcc-bin@8/8-2019-q3-update_2/bin/../lib/gcc/arm-none-eabi/8.3.1/../../../../arm-none-eabi/lib/thumb/v6-m/nofp/libg_nano.a(lib_a-memcpy-stub.o)
 .data          0x0000000000000000        0x0 /opt/homebrew/Cellar/arm-gcc-bin@8/8-2019-q3-update_2/bin/../lib/gcc/arm-none-eabi/8.3.1/../../../../arm-none-eabi/lib/thumb/v6-m/nofp/libg_nano.a(lib_a-memcpy-stub.o)
 .bss           0x0000000000000000        0x0 /opt/homebrew/Cellar/arm-gcc-bin@8/8-2019-q3-update_2/bin/../lib/gcc/arm-none-eabi/8.3.1/../../../../arm-none-eabi/lib/thumb/v6-m/nofp/libg_nano.a(lib_a-memcpy-stub.o)
 .text          0x0000000000000000        0x0 /opt/homebrew/Cellar/arm-gcc-bin@8/8-2019-q3-update_2/bin/../lib/gcc/arm-none-eabi/8.3.1/../../../../arm-none-eabi/lib/thumb/v6-m/nofp/libg_nano.a(lib_a-memset.o)
 .data          0x0000000000000000        0x0 /opt/homebrew/Cellar/arm-gcc-bin@8/8-2019-q3-update_2/bin/../lib/gcc/arm-none-eabi/8.3.1/../../../../arm-none-eabi/lib/thumb/v6-m/nofp/libg_nano.a(lib_a-memset.o)
 .bss           0x0000000000000000        0x0 /opt/homebrew/Cellar/arm-gcc-bin@8/8-2019-q3-update_2/bin/../lib/gcc/arm-none-eabi/8.3.1/../../../../arm-none-eabi/lib/thumb/v6-m/nofp/libg_nano.a(lib_a-memset.o)
 .data          0x0000000000000000        0x0 /opt/homebrew/Cellar/arm-gcc-bin@8/8-2019-q3-update_2/bin/../lib/gcc/arm-none-eabi/8.3.1/../../../../arm-none-eabi/lib/thumb/v6-m/nofp/libg_nano.a(lib_a-strlen.o)
 .bss           0x0000000000000000        0x0 /opt/homebrew/Cellar/arm-gcc-bin@8/8-2019-q3-update_2/bin/../lib/gcc/arm-none-eabi/8.3.1/../../../../arm-none-eabi/lib/thumb/v6-m/nofp/libg_nano.a(lib_a-strlen.o)

Memory Configuration

Name             Origin             Length             Attributes
rom              0x0000000000000000 0x0000000000002000 xr
ram              0x0000000020000000 0x0000000000008000 xrw
*default*        0x0000000000000000 0xffffffffffffffff

Linker script and memory map

LOAD build/SLAPSSHV1.0/flash_samd21.o
LOAD build/SLAPSSHV1.0/init_samd21.o
LOAD build/SLAPSSHV1.0/startup_samd21.o
LOAD build/SLAPSSHV1.0/usart_sam_ba.o
LOAD build/SLAPSSHV1.0/screen.o
LOAD build/SLAPSSHV1.0/images.o
LOAD build/SLAPSSHV1.0/utils.o
LOAD build/SLAPSSHV1.0/cdc_enumerate.o
LOAD build/SLAPSSHV1.0/fat.o
LOAD build/SLAPSSHV1.0/main.o
LOAD build/SLAPSSHV1.0/msc.o
LOAD build/SLAPSSHV1.0/sam_ba_monitor.o
LOAD build/SLAPSSHV1.0/uart_driver.o
LOAD build/SLAPSSHV1.0/hid.o
START GROUP
LOAD /opt/homebrew/Cellar/arm-gcc-bin@8/8-2019-q3-update_2/bin/../lib/gcc/arm-none-eabi/8.3.1/thumb/v6-m/nofp/libgcc.a
LOAD /opt/homebrew/Cellar/arm-gcc-bin@8/8-2019-q3-update_2/bin/../lib/gcc/arm-none-eabi/8.3.1/../../../../arm-none-eabi/lib/thumb/v6-m/nofp/libg_nano.a
LOAD /opt/homebrew/Cellar/arm-gcc-bin@8/8-2019-q3-update_2/bin/../lib/gcc/arm-none-eabi/8.3.1/../../../../arm-none-eabi/lib/thumb/v6-m/nofp/libc_nano.a
END GROUP
START GROUP
LOAD /opt/homebrew/Cellar/arm-gcc-bin@8/8-2019-q3-update_2/bin/../lib/gcc/arm-none-eabi/8.3.1/thumb/v6-m/nofp/libgcc.a
LOAD /opt/homebrew/Cellar/arm-gcc-bin@8/8-2019-q3-update_2/bin/../lib/gcc/arm-none-eabi/8.3.1/../../../../arm-none-eabi/lib/thumb/v6-m/nofp/libc_nano.a
LOAD /opt/homebrew/Cellar/arm-gcc-bin@8/8-2019-q3-update_2/bin/../lib/gcc/arm-none-eabi/8.3.1/../../../../arm-none-eabi/lib/thumb/v6-m/nofp/libnosys.a
END GROUP
START GROUP
LOAD /opt/homebrew/Cellar/arm-gcc-bin@8/8-2019-q3-update_2/bin/../lib/gcc/arm-none-eabi/8.3.1/thumb/v6-m/nofp/libgcc.a
LOAD /opt/homebrew/Cellar/arm-gcc-bin@8/8-2019-q3-update_2/bin/../lib/gcc/arm-none-eabi/8.3.1/../../../../arm-none-eabi/lib/thumb/v6-m/nofp/libc_nano.a
LOAD /opt/homebrew/Cellar/arm-gcc-bin@8/8-2019-q3-update_2/bin/../lib/gcc/arm-none-eabi/8.3.1/../../../../arm-none-eabi/lib/thumb/v6-m/nofp/libnosys.a
END GROUP
                0x0000000000002000                STACK_SIZE = DEFINED (STACK_SIZE)?STACK_SIZE:DEFINED (__stack_size__)?__stack_size__:0x2000

.text           0x0000000000000000     0x1d10
                0x0000000000000000                . = ALIGN (0x4)
                0x0000000000000000                _sfixed = .
 *(.vectors .vectors.*)
 .vectors       0x0000000000000000       0xb4 build/SLAPSSHV1.0/startup_samd21.o
                0x0000000000000000                exception_table
 *(.text .text.* .gnu.linkonce.t.*)
 .text.flash_erase_row
                0x00000000000000b4       0x28 build/SLAPSSHV1.0/flash_samd21.o
                0x00000000000000b4                flash_erase_row
 .text.flash_erase_to_end
                0x00000000000000dc       0x1c build/SLAPSSHV1.0/flash_samd21.o
                0x00000000000000dc                flash_erase_to_end
 .text.copy_words
                0x00000000000000f8       0x14 build/SLAPSSHV1.0/flash_samd21.o
                0x00000000000000f8                copy_words
 .text.flash_write_words
                0x000000000000010c       0x54 build/SLAPSSHV1.0/flash_samd21.o
                0x000000000000010c                flash_write_words
 .text.flash_write_row
                0x0000000000000160       0x2e build/SLAPSSHV1.0/flash_samd21.o
                0x0000000000000160                flash_write_row
 *fill*         0x000000000000018e        0x2 
 .text.dfll_sync
                0x0000000000000190       0x10 build/SLAPSSHV1.0/init_samd21.o
 .text.system_init
                0x00000000000001a0       0xbc build/SLAPSSHV1.0/init_samd21.o
                0x00000000000001a0                system_init
 .text.SysTick_Handler
                0x000000000000025c        0x8 build/SLAPSSHV1.0/init_samd21.o
                0x000000000000025c                SysTick_Handler
 .text.Dummy_Handler
                0x0000000000000264        0x2 build/SLAPSSHV1.0/startup_samd21.o
                0x0000000000000264                SYSCTRL_Handler
                0x0000000000000264                AC_Handler
                0x0000000000000264                PendSV_Handler
                0x0000000000000264                NMI_Handler
                0x0000000000000264                SERCOM1_Handler
                0x0000000000000264                ADC_Handler
                0x0000000000000264                TCC1_Handler
                0x0000000000000264                SERCOM2_Handler
                0x0000000000000264                TCC0_Handler
                0x0000000000000264                RTC_Handler
                0x0000000000000264                EIC_Handler
                0x0000000000000264                WDT_Handler
                0x0000000000000264                TC4_Handler
                0x0000000000000264                USB_Handler
                0x0000000000000264                TC3_Handler
                0x0000000000000264                Dummy_Handler
                0x0000000000000264                PM_Handler
                0x0000000000000264                SVC_Handler
                0x0000000000000264                TCC2_Handler
                0x0000000000000264                EVSYS_Handler
                0x0000000000000264                SERCOM3_Handler
                0x0000000000000264                I2S_Handler
                0x0000000000000264                NVMCTRL_Handler
                0x0000000000000264                SERCOM0_Handler
                0x0000000000000264                DAC_Handler
                0x0000000000000264                PTC_Handler
                0x0000000000000264                TC5_Handler
                0x0000000000000264                DMAC_Handler
 .text.HardFault_Handler
                0x0000000000000266        0x2 build/SLAPSSHV1.0/startup_samd21.o
                0x0000000000000266                HardFault_Handler
 .text.Reset_Handler
                0x0000000000000268       0xa8 build/SLAPSSHV1.0/startup_samd21.o
                0x0000000000000268                Reset_Handler
 .text.add_crc  0x0000000000000310       0x54 build/SLAPSSHV1.0/usart_sam_ba.o
                0x0000000000000310                add_crc
 .text.delay    0x0000000000000364       0x28 build/SLAPSSHV1.0/utils.o
                0x0000000000000364                delay
 .text.writeNum
                0x000000000000038c       0x38 build/SLAPSSHV1.0/utils.o
                0x000000000000038c                writeNum
 .text.resetIntoApp
                0x00000000000003c4       0x28 build/SLAPSSHV1.0/utils.o
                0x00000000000003c4                resetIntoApp
 .text.timerTick
                0x00000000000003ec       0x40 build/SLAPSSHV1.0/utils.o
                0x00000000000003ec                timerTick
 .text.resetIntoBootloader
                0x000000000000042c       0x28 build/SLAPSSHV1.0/utils.o
                0x000000000000042c                resetIntoBootloader
 .text.led_tick
                0x0000000000000454       0x88 build/SLAPSSHV1.0/utils.o
                0x0000000000000454                led_tick
 .text.led_signal
                0x00000000000004dc       0x2c build/SLAPSSHV1.0/utils.o
                0x00000000000004dc                led_signal
 .text.led_init
                0x0000000000000508       0x10 build/SLAPSSHV1.0/utils.o
                0x0000000000000508                led_init
 .text.RGBLED_set_color
                0x0000000000000518        0x2 build/SLAPSSHV1.0/utils.o
                0x0000000000000518                RGBLED_set_color
 *fill*         0x000000000000051a        0x2 
 .text.AT91F_InitUSB
                0x000000000000051c      0x108 build/SLAPSSHV1.0/cdc_enumerate.o
                0x000000000000051c                AT91F_InitUSB
 .text.USB_ReadCore
                0x0000000000000624       0xe0 build/SLAPSSHV1.0/cdc_enumerate.o
                0x0000000000000624                USB_ReadCore
 .text.USB_Read
                0x0000000000000704        0xa build/SLAPSSHV1.0/cdc_enumerate.o
                0x0000000000000704                USB_Read
 .text.USB_ReadBlocking
                0x000000000000070e       0x22 build/SLAPSSHV1.0/cdc_enumerate.o
                0x000000000000070e                USB_ReadBlocking
 .text.USB_WriteCore
                0x0000000000000730       0x94 build/SLAPSSHV1.0/cdc_enumerate.o
                0x0000000000000730                USB_WriteCore
 .text.USB_Write
                0x00000000000007c4        0xa build/SLAPSSHV1.0/cdc_enumerate.o
                0x00000000000007c4                USB_Write
 *fill*         0x00000000000007ce        0x2 
 .text.sendCtrl
                0x00000000000007d0       0x1c build/SLAPSSHV1.0/cdc_enumerate.o
 .text.AT91F_USB_SendZlp
                0x00000000000007ec       0x10 build/SLAPSSHV1.0/cdc_enumerate.o
                0x00000000000007ec                AT91F_USB_SendZlp
 .text.USB_Ok   0x00000000000007fc      0x4f8 build/SLAPSSHV1.0/cdc_enumerate.o
                0x00000000000007fc                USB_Ok
 .text.usb_init
                0x0000000000000cf4       0x20 build/SLAPSSHV1.0/cdc_enumerate.o
                0x0000000000000cf4                usb_init
 .text.cdc_write_buf
                0x0000000000000d14        0xe build/SLAPSSHV1.0/cdc_enumerate.o
                0x0000000000000d14                cdc_write_buf
 .text.cdc_write_buf_xmd
                0x0000000000000d22        0xe build/SLAPSSHV1.0/cdc_enumerate.o
                0x0000000000000d22                cdc_write_buf_xmd
 .text.cdc_read_buf
                0x0000000000000d30       0x1e build/SLAPSSHV1.0/cdc_enumerate.o
                0x0000000000000d30                cdc_read_buf
 .text.cdc_read_buf_xmd
                0x0000000000000d4e       0x22 build/SLAPSSHV1.0/cdc_enumerate.o
                0x0000000000000d4e                cdc_read_buf_xmd
 .text.padded_memcpy
                0x0000000000000d70       0x1e build/SLAPSSHV1.0/fat.o
                0x0000000000000d70                padded_memcpy
 *fill*         0x0000000000000d8e        0x2 
 .text.read_block
                0x0000000000000d90      0x174 build/SLAPSSHV1.0/fat.o
                0x0000000000000d90                read_block
 .text.write_block
                0x0000000000000f04       0xe8 build/SLAPSSHV1.0/fat.o
                0x0000000000000f04                write_block
 .text.startup.main
                0x0000000000000fec      0x1f4 build/SLAPSSHV1.0/main.o
                0x0000000000000fec                main
 .text.udi_msc_clear_sense
                0x00000000000011e0       0x1c build/SLAPSSHV1.0/msc.o
 .text.handover_flash
                0x00000000000011fc       0x34 build/SLAPSSHV1.0/msc.o
 .text.try_read_cbw
                0x0000000000001230       0x2c build/SLAPSSHV1.0/msc.o
                0x0000000000001230                try_read_cbw
 .text.udi_msc_csw_send
                0x000000000000125c       0x14 build/SLAPSSHV1.0/msc.o
                0x000000000000125c                udi_msc_csw_send
 .text.udi_msc_csw_process
                0x0000000000001270       0x38 build/SLAPSSHV1.0/msc.o
 .text.udi_msc_data_send
                0x00000000000012a8       0x6c build/SLAPSSHV1.0/msc.o
 .text.udi_msc_spc_mode_sense
                0x0000000000001314       0x70 build/SLAPSSHV1.0/msc.o
 .text.udi_msc_sbc_trans
                0x0000000000001384       0xc8 build/SLAPSSHV1.0/msc.o
 .text.process_msc
                0x000000000000144c      0x140 build/SLAPSSHV1.0/msc.o
                0x000000000000144c                process_msc
 .text.handoverPrep
                0x000000000000158c       0x24 build/SLAPSSHV1.0/msc.o
                0x000000000000158c                handoverPrep
 .text.handover
                0x00000000000015b0       0xe0 build/SLAPSSHV1.0/msc.o
 .text.call_applet
                0x0000000000001690       0x20 build/SLAPSSHV1.0/sam_ba_monitor.o
                0x0000000000001690                call_applet
 .text.put_uint32
                0x00000000000016b0       0x16 build/SLAPSSHV1.0/sam_ba_monitor.o
                0x00000000000016b0                put_uint32
 *fill*         0x00000000000016c6        0x2 
 .text.sam_ba_monitor_run
                0x00000000000016c8      0x254 build/SLAPSSHV1.0/sam_ba_monitor.o
                0x00000000000016c8                sam_ba_monitor_run
 .text.recv_hf2
                0x000000000000191c       0x56 build/SLAPSSHV1.0/hid.o
                0x000000000000191c                recv_hf2
 .text.send_hf2
                0x0000000000001972       0x46 build/SLAPSSHV1.0/hid.o
                0x0000000000001972                send_hf2
 .text.send_hf2_response
                0x00000000000019b8       0x14 build/SLAPSSHV1.0/hid.o
                0x00000000000019b8                send_hf2_response
 .text.process_core
                0x00000000000019cc      0x100 build/SLAPSSHV1.0/hid.o
                0x00000000000019cc                process_core
 .text.process_hid
                0x0000000000001acc       0x28 build/SLAPSSHV1.0/hid.o
                0x0000000000001acc                process_hid
 .text.hidHandoverLoop
                0x0000000000001af4       0x24 build/SLAPSSHV1.0/hid.o
                0x0000000000001af4                hidHandoverLoop
 .text          0x0000000000001b18       0x14 /opt/homebrew/Cellar/arm-gcc-bin@8/8-2019-q3-update_2/bin/../lib/gcc/arm-none-eabi/8.3.1/thumb/v6-m/nofp/libgcc.a(_thumb1_case_uqi.o)
                0x0000000000001b18                __gnu_thumb1_case_uqi
 .text.memcpy   0x0000000000001b2c       0x12 /opt/homebrew/Cellar/arm-gcc-bin@8/8-2019-q3-update_2/bin/../lib/gcc/arm-none-eabi/8.3.1/../../../../arm-none-eabi/lib/thumb/v6-m/nofp/libg_nano.a(lib_a-memcpy-stub.o)
                0x0000000000001b2c                memcpy
 .text.memset   0x0000000000001b3e       0x10 /opt/homebrew/Cellar/arm-gcc-bin@8/8-2019-q3-update_2/bin/../lib/gcc/arm-none-eabi/8.3.1/../../../../arm-none-eabi/lib/thumb/v6-m/nofp/libg_nano.a(lib_a-memset.o)
                0x0000000000001b3e                memset
 .text          0x0000000000001b4e        0xe /opt/homebrew/Cellar/arm-gcc-bin@8/8-2019-q3-update_2/bin/../lib/gcc/arm-none-eabi/8.3.1/../../../../arm-none-eabi/lib/thumb/v6-m/nofp/libg_nano.a(lib_a-strlen.o)
                0x0000000000001b4e                strlen
 *(.glue_7t)
 .glue_7t       0x0000000000001b5c        0x0 linker stubs
 *(.glue_7)
 .glue_7        0x0000000000001b5c        0x0 linker stubs
 *(.rodata .rodata* .gnu.linkonce.r.*)
 .rodata        0x0000000000001b5c       0x10 build/SLAPSSHV1.0/cdc_enumerate.o
 .rodata.devDescriptor
                0x0000000000001b6c       0x12 build/SLAPSSHV1.0/cdc_enumerate.o
                0x0000000000001b6c                devDescriptor
 *fill*         0x0000000000001b7e        0x2 
 .rodata.hidDescriptor
                0x0000000000001b80       0x21 build/SLAPSSHV1.0/cdc_enumerate.o
                0x0000000000001b80                hidDescriptor
 .rodata.str1.1
                0x0000000000001ba1        0x9 build/SLAPSSHV1.0/cdc_enumerate.o
 *fill*         0x0000000000001baa        0x2 
 .rodata.string_descriptors
                0x0000000000001bac       0x10 build/SLAPSSHV1.0/cdc_enumerate.o
 .rodata.BootBlock
                0x0000000000001bbc       0x3e build/SLAPSSHV1.0/fat.o
 .rodata.indexFile
                0x0000000000001bfa       0x5f build/SLAPSSHV1.0/fat.o
                0x0000000000001bfa                indexFile
 *fill*         0x0000000000001c59        0x3 
 .rodata.info   0x0000000000001c5c       0x30 build/SLAPSSHV1.0/fat.o
 .rodata.infoUf2File
                0x0000000000001c8c       0x3d build/SLAPSSHV1.0/fat.o
                0x0000000000001c8c                infoUf2File
 .rodata        0x0000000000001cc9        0xc build/SLAPSSHV1.0/msc.o
 .rodata.process_msc.str1.1
                0x0000000000001cd5        0x5 build/SLAPSSHV1.0/msc.o
 .rodata.fullVersion
                0x0000000000001cd5       0x2a build/SLAPSSHV1.0/sam_ba_monitor.o
 .rodata.sam_ba_monitor_run.str1.1
                0x0000000000001cff       0x10 build/SLAPSSHV1.0/sam_ba_monitor.o
 *(.ARM.extab* .gnu.linkonce.armextab.*)
                0x0000000000001d10                . = ALIGN (0x4)
 *fill*         0x0000000000001d0f        0x1 
 *(.init)
                0x0000000000001d10                . = ALIGN (0x4)
                0x0000000000001d10                __preinit_array_start = .
 *(.preinit_array)
                0x0000000000001d10                __preinit_array_end = .
                0x0000000000001d10                . = ALIGN (0x4)
                0x0000000000001d10                __init_array_start = .
 *(SORT_BY_NAME(.init_array.*))
 *(.init_array)
                0x0000000000001d10                __init_array_end = .
                0x0000000000001d10                . = ALIGN (0x4)
 *crtbegin.o(.ctors)
 *(EXCLUDE_FILE(*crtend.o) .ctors)
 *(SORT_BY_NAME(.ctors.*))
 *crtend.o(.ctors)
                0x0000000000001d10                . = ALIGN (0x4)
                0x0000000000001d10                _efixed = .
                [!provide]                        PROVIDE (__exidx_start = .)

.vfp11_veneer   0x0000000000001d10        0x0
 .vfp11_veneer  0x0000000000001d10        0x0 linker stubs

.v4_bx          0x0000000000001d10        0x0
 .v4_bx         0x0000000000001d10        0x0 linker stubs

.iplt           0x0000000000001d10        0x0
 .iplt          0x0000000000001d10        0x0 build/SLAPSSHV1.0/flash_samd21.o

.igot.plt       0x0000000000001d10        0x0
 .igot.plt      0x0000000000001d10        0x0 build/SLAPSSHV1.0/flash_samd21.o

.rel.dyn        0x0000000000001d10        0x0
 .rel.iplt      0x0000000000001d10        0x0 build/SLAPSSHV1.0/flash_samd21.o

.ARM.exidx
 *(.ARM.exidx* .gnu.linkonce.armexidx.*)
                [!provide]                        PROVIDE (__exidx_end = .)
                0x0000000000001d10                . = ALIGN (0x4)
                0x0000000000001d10                _etext = .

.relocate       0x0000000020000000      0x1d0 load address 0x0000000000001d10
                0x0000000020000000                . = ALIGN (0x4)
                0x0000000020000000                _srelocate = .
 *(.ramfunc .ramfunc.*)
 *(.data .data.*)
 .data.current_cpu_frequency_MHz
                0x0000000020000000        0x4 build/SLAPSSHV1.0/init_samd21.o
                0x0000000020000000                current_cpu_frequency_MHz
 .data.led_tick_step
                0x0000000020000004        0x1 build/SLAPSSHV1.0/utils.o
                0x0000000020000004                led_tick_step
 .data.limit    0x0000000020000005        0x1 build/SLAPSSHV1.0/utils.o
 *fill*         0x0000000020000006        0x2 
 .data.bosDescriptor
                0x0000000020000008       0x39 build/SLAPSSHV1.0/cdc_enumerate.o
 *fill*         0x0000000020000041        0x3 
 .data.cfgDescriptor
                0x0000000020000044       0x99 build/SLAPSSHV1.0/cdc_enumerate.o
                0x0000000020000044                cfgDescriptor
 *fill*         0x00000000200000dd        0x3 
 .data.hidCfgDescriptor
                0x00000000200000e0        0x9 build/SLAPSSHV1.0/cdc_enumerate.o
                0x00000000200000e0                hidCfgDescriptor
 *fill*         0x00000000200000e9        0x3 
 .data.line_coding
                0x00000000200000ec        0x8 build/SLAPSSHV1.0/cdc_enumerate.o
 .data.msOS20Descriptor
                0x00000000200000f4       0xaa build/SLAPSSHV1.0/cdc_enumerate.o
 .data.udi_msc_csw
                0x000000002000019e        0xd build/SLAPSSHV1.0/msc.o
 *fill*         0x00000000200001ab        0x1 
 .data.udi_msc_inquiry_data.12147
                0x00000000200001ac       0x24 build/SLAPSSHV1.0/msc.o
                0x00000000200001d0                . = ALIGN (0x4)
                0x00000000200001d0                _erelocate = .

.bss            0x00000000200001d0      0xc0c load address 0x0000000000001ee0
                0x00000000200001d0                . = ALIGN (0x4)
                0x00000000200001d0                _sbss = .
                0x00000000200001d0                _szero = .
 *(.bss .bss.*)
 .bss.crcCache  0x00000000200001d0      0x200 build/SLAPSSHV1.0/usart_sam_ba.o
 .bss.led_tick_on
                0x00000000200003d0        0x1 build/SLAPSSHV1.0/utils.o
                0x00000000200003d0                led_tick_on
 *fill*         0x00000000200003d1        0x3 
 .bss.now       0x00000000200003d4        0x4 build/SLAPSSHV1.0/utils.o
 .bss.signal_end
                0x00000000200003d8        0x4 build/SLAPSSHV1.0/utils.o
 .bss.timerLow  0x00000000200003dc        0x4 build/SLAPSSHV1.0/utils.o
 .bss.currentConfiguration
                0x00000000200003e0        0x1 build/SLAPSSHV1.0/cdc_enumerate.o
 .bss.serial_number
                0x00000000200003e1       0x21 build/SLAPSSHV1.0/cdc_enumerate.o
 .bss.wLength   0x0000000020000402        0x2 build/SLAPSSHV1.0/cdc_enumerate.o
 .bss.main_b_cdc_enable
                0x0000000020000404        0x1 build/SLAPSSHV1.0/main.o
 *fill*         0x0000000020000405        0x3 
 .bss.block_buffer
                0x0000000020000408      0x200 build/SLAPSSHV1.0/msc.o
 .bss.sense.12170
                0x0000000020000608       0x14 build/SLAPSSHV1.0/msc.o
 .bss.udi_msc_capacity.12180
                0x000000002000061c        0x8 build/SLAPSSHV1.0/msc.o
 .bss.udi_msc_cbw
                0x0000000020000624       0x1f build/SLAPSSHV1.0/msc.o
 .bss.udi_msc_sense
                0x0000000020000643       0x12 build/SLAPSSHV1.0/msc.o
 *fill*         0x0000000020000655        0x3 
 .bss.usbWriteState
                0x0000000020000658       0x98 build/SLAPSSHV1.0/msc.o
 .bss.b_sam_ba_interface_usart
                0x00000000200006f0        0x1 build/SLAPSSHV1.0/sam_ba_monitor.o
                0x00000000200006f0                b_sam_ba_interface_usart
 *fill*         0x00000000200006f1        0x3 
 .bss.src_buff_addr.11592
                0x00000000200006f4        0x4 build/SLAPSSHV1.0/sam_ba_monitor.o
 .bss.hidbufData
                0x00000000200006f8      0x188 build/SLAPSSHV1.0/hid.o
 .bss.webbufData
                0x0000000020000880      0x188 build/SLAPSSHV1.0/hid.o
 *(COMMON)
 COMMON         0x0000000020000a08        0x8 build/SLAPSSHV1.0/utils.o
                0x0000000020000a08                timerHigh
                0x0000000020000a0c                resetHorizon
 COMMON         0x0000000020000a10      0x364 build/SLAPSSHV1.0/cdc_enumerate.o
                0x0000000020000a10                ctrlOutCache
                0x0000000020000a54                usb_endpoint_table
                0x0000000020000b54                endpointCache
 COMMON         0x0000000020000d74       0x68 build/SLAPSSHV1.0/sam_ba_monitor.o
                0x0000000020000d74                j
                0x0000000020000d78                length
                0x0000000020000d7c                ptr
                0x0000000020000d80                command
                0x0000000020000d84                i
                0x0000000020000d88                data
                0x0000000020000dcc                ptr_data
                0x0000000020000dd0                sp
                0x0000000020000dd4                current_number
                0x0000000020000dd8                u32tmp
                0x0000000020000ddc                . = ALIGN (0x4)
                0x0000000020000ddc                _ebss = .
                0x0000000020000ddc                _ezero = .

.stack          0x0000000020000ddc     0x2004 load address 0x0000000000002aec
                0x0000000020000de0                . = ALIGN (0x8)
 *fill*         0x0000000020000ddc        0x4 
                0x0000000020000de0                _sstack = .
                0x0000000020002de0                . = (. + STACK_SIZE)
 *fill*         0x0000000020000de0     0x2000 
                0x0000000020002de0                . = ALIGN (0x8)
                0x0000000020002de0                _estack = .
                0x0000000020002de0                . = ALIGN (0x4)
                0x0000000020002de0                _end = .
                0x0000000000001ff0                _binfo_start = 0x1ff0

.binfo          0x0000000000001ff0       0x10
 *(.binfo)
 .binfo         0x0000000000001ff0       0x10 build/SLAPSSHV1.0/msc.o
                0x0000000000001ff0                binfo
OUTPUT(build/SLAPSSHV1.0/bootloader-SLAPSSHV1.0-v3.15.0.elf elf32-littlearm)

.debug_info     0x0000000000000000    0x1b419
 .debug_info    0x0000000000000000     0x10f5 build/SLAPSSHV1.0/flash_samd21.o
 .debug_info    0x00000000000010f5     0x2599 build/SLAPSSHV1.0/init_samd21.o
 .debug_info    0x000000000000368e     0x3995 build/SLAPSSHV1.0/startup_samd21.o
 .debug_info    0x0000000000007023     0x4208 build/SLAPSSHV1.0/usart_sam_ba.o
 .debug_info    0x000000000000b22b     0x13d1 build/SLAPSSHV1.0/utils.o
 .debug_info    0x000000000000c5fc     0x497d build/SLAPSSHV1.0/cdc_enumerate.o
 .debug_info    0x0000000000010f79     0x1121 build/SLAPSSHV1.0/fat.o
 .debug_info    0x000000000001209a     0x3367 build/SLAPSSHV1.0/main.o
 .debug_info    0x0000000000015401     0x3cec build/SLAPSSHV1.0/msc.o
 .debug_info    0x00000000000190ed      0xf36 build/SLAPSSHV1.0/sam_ba_monitor.o
 .debug_info    0x000000000001a023     0x13f6 build/SLAPSSHV1.0/hid.o

.debug_abbrev   0x0000000000000000     0x2c77
 .debug_abbrev  0x0000000000000000      0x304 build/SLAPSSHV1.0/flash_samd21.o
 .debug_abbrev  0x0000000000000304      0x3b1 build/SLAPSSHV1.0/init_samd21.o
 .debug_abbrev  0x00000000000006b5      0x29e build/SLAPSSHV1.0/startup_samd21.o
 .debug_abbrev  0x0000000000000953      0x510 build/SLAPSSHV1.0/usart_sam_ba.o
 .debug_abbrev  0x0000000000000e63      0x3e3 build/SLAPSSHV1.0/utils.o
 .debug_abbrev  0x0000000000001246      0x562 build/SLAPSSHV1.0/cdc_enumerate.o
 .debug_abbrev  0x00000000000017a8      0x369 build/SLAPSSHV1.0/fat.o
 .debug_abbrev  0x0000000000001b11      0x3c3 build/SLAPSSHV1.0/main.o
 .debug_abbrev  0x0000000000001ed4      0x586 build/SLAPSSHV1.0/msc.o
 .debug_abbrev  0x000000000000245a      0x3f1 build/SLAPSSHV1.0/sam_ba_monitor.o
 .debug_abbrev  0x000000000000284b      0x42c build/SLAPSSHV1.0/hid.o

.debug_loc      0x0000000000000000     0x31f3
 .debug_loc     0x0000000000000000      0x492 build/SLAPSSHV1.0/flash_samd21.o
 .debug_loc     0x0000000000000492       0x6f build/SLAPSSHV1.0/init_samd21.o
 .debug_loc     0x0000000000000501       0x5a build/SLAPSSHV1.0/startup_samd21.o
 .debug_loc     0x000000000000055b      0x9e6 build/SLAPSSHV1.0/usart_sam_ba.o
 .debug_loc     0x0000000000000f41      0x1b1 build/SLAPSSHV1.0/utils.o
 .debug_loc     0x00000000000010f2      0xc28 build/SLAPSSHV1.0/cdc_enumerate.o
 .debug_loc     0x0000000000001d1a      0x576 build/SLAPSSHV1.0/fat.o
 .debug_loc     0x0000000000002290       0x7a build/SLAPSSHV1.0/main.o
 .debug_loc     0x000000000000230a      0x5e7 build/SLAPSSHV1.0/msc.o
 .debug_loc     0x00000000000028f1      0x252 build/SLAPSSHV1.0/sam_ba_monitor.o
 .debug_loc     0x0000000000002b43      0x6b0 build/SLAPSSHV1.0/hid.o

.debug_aranges  0x0000000000000000      0x388
 .debug_aranges
                0x0000000000000000       0x48 build/SLAPSSHV1.0/flash_samd21.o
 .debug_aranges
                0x0000000000000048       0x30 build/SLAPSSHV1.0/init_samd21.o
 .debug_aranges
                0x0000000000000078       0x30 build/SLAPSSHV1.0/startup_samd21.o
 .debug_aranges
                0x00000000000000a8       0x88 build/SLAPSSHV1.0/usart_sam_ba.o
 .debug_aranges
                0x0000000000000130       0x68 build/SLAPSSHV1.0/utils.o
 .debug_aranges
                0x0000000000000198       0x98 build/SLAPSSHV1.0/cdc_enumerate.o
 .debug_aranges
                0x0000000000000230       0x30 build/SLAPSSHV1.0/fat.o
 .debug_aranges
                0x0000000000000260       0x20 build/SLAPSSHV1.0/main.o
 .debug_aranges
                0x0000000000000280       0x80 build/SLAPSSHV1.0/msc.o
 .debug_aranges
                0x0000000000000300       0x40 build/SLAPSSHV1.0/sam_ba_monitor.o
 .debug_aranges
                0x0000000000000340       0x48 build/SLAPSSHV1.0/hid.o

.debug_ranges   0x0000000000000000      0x740
 .debug_ranges  0x0000000000000000       0xa8 build/SLAPSSHV1.0/flash_samd21.o
 .debug_ranges  0x00000000000000a8       0x40 build/SLAPSSHV1.0/init_samd21.o
 .debug_ranges  0x00000000000000e8       0x20 build/SLAPSSHV1.0/startup_samd21.o
 .debug_ranges  0x0000000000000108       0xb0 build/SLAPSSHV1.0/usart_sam_ba.o
 .debug_ranges  0x00000000000001b8       0x90 build/SLAPSSHV1.0/utils.o
 .debug_ranges  0x0000000000000248       0xf8 build/SLAPSSHV1.0/cdc_enumerate.o
 .debug_ranges  0x0000000000000340      0x110 build/SLAPSSHV1.0/fat.o
 .debug_ranges  0x0000000000000450       0x40 build/SLAPSSHV1.0/main.o
 .debug_ranges  0x0000000000000490      0x190 build/SLAPSSHV1.0/msc.o
 .debug_ranges  0x0000000000000620       0x98 build/SLAPSSHV1.0/sam_ba_monitor.o
 .debug_ranges  0x00000000000006b8       0x88 build/SLAPSSHV1.0/hid.o

.debug_line     0x0000000000000000     0x4776
 .debug_line    0x0000000000000000      0x485 build/SLAPSSHV1.0/flash_samd21.o
 .debug_line    0x0000000000000485      0x3ce build/SLAPSSHV1.0/init_samd21.o
 .debug_line    0x0000000000000853      0x2a5 build/SLAPSSHV1.0/startup_samd21.o
 .debug_line    0x0000000000000af8      0x954 build/SLAPSSHV1.0/usart_sam_ba.o
 .debug_line    0x000000000000144c      0x545 build/SLAPSSHV1.0/utils.o
 .debug_line    0x0000000000001991      0xd1b build/SLAPSSHV1.0/cdc_enumerate.o
 .debug_line    0x00000000000026ac      0x606 build/SLAPSSHV1.0/fat.o
 .debug_line    0x0000000000002cb2      0x611 build/SLAPSSHV1.0/main.o
 .debug_line    0x00000000000032c3      0x99c build/SLAPSSHV1.0/msc.o
 .debug_line    0x0000000000003c5f      0x5e5 build/SLAPSSHV1.0/sam_ba_monitor.o
 .debug_line    0x0000000000004244      0x532 build/SLAPSSHV1.0/hid.o

.debug_str      0x0000000000000000     0x3eb0
 .debug_str     0x0000000000000000      0x76b build/SLAPSSHV1.0/flash_samd21.o
                                        0x84e (size before relaxing)
 .debug_str     0x000000000000076b      0x6cd build/SLAPSSHV1.0/init_samd21.o
                                        0xeb7 (size before relaxing)
 .debug_str     0x0000000000000e38      0xed1 build/SLAPSSHV1.0/startup_samd21.o
                                       0x136f (size before relaxing)
 .debug_str     0x0000000000001d09      0xc55 build/SLAPSSHV1.0/usart_sam_ba.o
                                       0x1419 (size before relaxing)
 .debug_str     0x000000000000295e       0xc3 build/SLAPSSHV1.0/utils.o
                                        0x8bf (size before relaxing)
 .debug_str     0x0000000000002a21      0x43e build/SLAPSSHV1.0/cdc_enumerate.o
                                       0x1686 (size before relaxing)
 .debug_str     0x0000000000002e5f      0x29f build/SLAPSSHV1.0/fat.o
                                        0x949 (size before relaxing)
 .debug_str     0x00000000000030fe      0x12e build/SLAPSSHV1.0/main.o
                                       0x1140 (size before relaxing)
 .debug_str     0x000000000000322c      0x9dc build/SLAPSSHV1.0/msc.o
                                       0x190d (size before relaxing)
 .debug_str     0x0000000000003c08       0xa9 build/SLAPSSHV1.0/sam_ba_monitor.o
                                        0x7f2 (size before relaxing)
 .debug_str     0x0000000000003cb1      0x1ff build/SLAPSSHV1.0/hid.o
                                        0x934 (size before relaxing)

.comment        0x0000000000000000       0x76
 .comment       0x0000000000000000       0x76 build/SLAPSSHV1.0/flash_samd21.o
                                         0x77 (size before relaxing)
 .comment       0x0000000000000076       0x77 build/SLAPSSHV1.0/init_samd21.o
 .comment       0x0000000000000076       0x77 build/SLAPSSHV1.0/startup_samd21.o
 .comment       0x0000000000000076       0x77 build/SLAPSSHV1.0/usart_sam_ba.o
 .comment       0x0000000000000076       0x77 build/SLAPSSHV1.0/utils.o
 .comment       0x0000000000000076       0x77 build/SLAPSSHV1.0/cdc_enumerate.o
 .comment       0x0000000000000076       0x77 build/SLAPSSHV1.0/fat.o
 .comment       0x0000000000000076       0x77 build/SLAPSSHV1.0/main.o
 .comment       0x0000000000000076       0x77 build/SLAPSSHV1.0/msc.o
 .comment       0x0000000000000076       0x77 build/SLAPSSHV1.0/sam_ba_monitor.o
 .comment       0x0000000000000076       0x77 build/SLAPSSHV1.0/hid.o

.ARM.attributes
                0x0000000000000000       0x2a
 .ARM.attributes
                0x0000000000000000       0x2c build/SLAPSSHV1.0/flash_samd21.o
 .ARM.attributes
                0x000000000000002c       0x2c build/SLAPSSHV1.0/init_samd21.o
 .ARM.attributes
                0x0000000000000058       0x2c build/SLAPSSHV1.0/startup_samd21.o
 .ARM.attributes
                0x0000000000000084       0x2c build/SLAPSSHV1.0/usart_sam_ba.o
 .ARM.attributes
                0x00000000000000b0       0x2c build/SLAPSSHV1.0/utils.o
 .ARM.attributes
                0x00000000000000dc       0x2c build/SLAPSSHV1.0/cdc_enumerate.o
 .ARM.attributes
                0x0000000000000108       0x2c build/SLAPSSHV1.0/fat.o
 .ARM.attributes
                0x0000000000000134       0x2c build/SLAPSSHV1.0/main.o
 .ARM.attributes
                0x0000000000000160       0x2c build/SLAPSSHV1.0/msc.o
 .ARM.attributes
                0x000000000000018c       0x2c build/SLAPSSHV1.0/sam_ba_monitor.o
 .ARM.attributes
                0x00000000000001b8       0x2c build/SLAPSSHV1.0/hid.o
 .ARM.attributes
                0x00000000000001e4       0x1e /opt/homebrew/Cellar/arm-gcc-bin@8/8-2019-q3-update_2/bin/../lib/gcc/arm-none-eabi/8.3.1/thumb/v6-m/nofp/libgcc.a(_thumb1_case_uqi.o)
 .ARM.attributes
                0x0000000000000202       0x2c /opt/homebrew/Cellar/arm-gcc-bin@8/8-2019-q3-update_2/bin/../lib/gcc/arm-none-eabi/8.3.1/../../../../arm-none-eabi/lib/thumb/v6-m/nofp/libg_nano.a(lib_a-memcpy-stub.o)
 .ARM.attributes
                0x000000000000022e       0x2c /opt/homebrew/Cellar/arm-gcc-bin@8/8-2019-q3-update_2/bin/../lib/gcc/arm-none-eabi/8.3.1/../../../../arm-none-eabi/lib/thumb/v6-m/nofp/libg_nano.a(lib_a-memset.o)
 .ARM.attributes
                0x000000000000025a       0x1c /opt/homebrew/Cellar/arm-gcc-bin@8/8-2019-q3-update_2/bin/../lib/gcc/arm-none-eabi/8.3.1/../../../../arm-none-eabi/lib/thumb/v6-m/nofp/libg_nano.a(lib_a-strlen.o)

.debug_frame    0x0000000000000000      0x914
 .debug_frame   0x0000000000000000       0xb0 build/SLAPSSHV1.0/flash_samd21.o
 .debug_frame   0x00000000000000b0       0x54 build/SLAPSSHV1.0/init_samd21.o
 .debug_frame   0x0000000000000104       0x4c build/SLAPSSHV1.0/startup_samd21.o
 .debug_frame   0x0000000000000150      0x184 build/SLAPSSHV1.0/usart_sam_ba.o
 .debug_frame   0x00000000000002d4       0xcc build/SLAPSSHV1.0/utils.o
 .debug_frame   0x00000000000003a0      0x1d0 build/SLAPSSHV1.0/cdc_enumerate.o
 .debug_frame   0x0000000000000570       0x68 build/SLAPSSHV1.0/fat.o
 .debug_frame   0x00000000000005d8       0x30 build/SLAPSSHV1.0/main.o
 .debug_frame   0x0000000000000608      0x170 build/SLAPSSHV1.0/msc.o
 .debug_frame   0x0000000000000778       0x94 build/SLAPSSHV1.0/sam_ba_monitor.o
 .debug_frame   0x000000000000080c       0xc0 build/SLAPSSHV1.0/hid.o
 .debug_frame   0x00000000000008cc       0x28 /opt/homebrew/Cellar/arm-gcc-bin@8/8-2019-q3-update_2/bin/../lib/gcc/arm-none-eabi/8.3.1/../../../../arm-none-eabi/lib/thumb/v6-m/nofp/libg_nano.a(lib_a-memcpy-stub.o)
 .debug_frame   0x00000000000008f4       0x20 /opt/homebrew/Cellar/arm-gcc-bin@8/8-2019-q3-update_2/bin/../lib/gcc/arm-none-eabi/8.3.1/../../../../arm-none-eabi/lib/thumb/v6-m/nofp/libg_nano.a(lib_a-memset.o)

Cross Reference Table

Symbol                                            File
AC_Handler                                        build/SLAPSSHV1.0/startup_samd21.o
ADC_Handler                                       build/SLAPSSHV1.0/startup_samd21.o
AT91F_InitUSB                                     build/SLAPSSHV1.0/cdc_enumerate.o
AT91F_USB_SendZlp                                 build/SLAPSSHV1.0/cdc_enumerate.o
DAC_Handler                                       build/SLAPSSHV1.0/startup_samd21.o
DMAC_Handler                                      build/SLAPSSHV1.0/startup_samd21.o
Dummy_Handler                                     build/SLAPSSHV1.0/startup_samd21.o
EIC_Handler                                       build/SLAPSSHV1.0/startup_samd21.o
EVSYS_Handler                                     build/SLAPSSHV1.0/startup_samd21.o
HardFault_Handler                                 build/SLAPSSHV1.0/startup_samd21.o
I2S_Handler                                       build/SLAPSSHV1.0/startup_samd21.o
NMI_Handler                                       build/SLAPSSHV1.0/startup_samd21.o
NVMCTRL_Handler                                   build/SLAPSSHV1.0/startup_samd21.o
PM_Handler                                        build/SLAPSSHV1.0/startup_samd21.o
PTC_Handler                                       build/SLAPSSHV1.0/startup_samd21.o
PendSV_Handler                                    build/SLAPSSHV1.0/startup_samd21.o
RGBLED_set_color                                  build/SLAPSSHV1.0/utils.o
                                                  build/SLAPSSHV1.0/sam_ba_monitor.o
                                                  build/SLAPSSHV1.0/main.o
RTC_Handler                                       build/SLAPSSHV1.0/startup_samd21.o
Reset_Handler                                     build/SLAPSSHV1.0/startup_samd21.o
SERCOM0_Handler                                   build/SLAPSSHV1.0/startup_samd21.o
SERCOM1_Handler                                   build/SLAPSSHV1.0/startup_samd21.o
SERCOM2_Handler                                   build/SLAPSSHV1.0/startup_samd21.o
SERCOM3_Handler                                   build/SLAPSSHV1.0/startup_samd21.o
SVC_Handler                                       build/SLAPSSHV1.0/startup_samd21.o
SYSCTRL_Handler                                   build/SLAPSSHV1.0/startup_samd21.o
SysTick_Handler                                   build/SLAPSSHV1.0/init_samd21.o
TC3_Handler                                       build/SLAPSSHV1.0/startup_samd21.o
TC4_Handler                                       build/SLAPSSHV1.0/startup_samd21.o
TC5_Handler                                       build/SLAPSSHV1.0/startup_samd21.o
TCC0_Handler                                      build/SLAPSSHV1.0/startup_samd21.o
TCC1_Handler                                      build/SLAPSSHV1.0/startup_samd21.o
TCC2_Handler                                      build/SLAPSSHV1.0/startup_samd21.o
USB_Handler                                       build/SLAPSSHV1.0/startup_samd21.o
USB_Ok                                            build/SLAPSSHV1.0/cdc_enumerate.o
                                                  build/SLAPSSHV1.0/msc.o
                                                  build/SLAPSSHV1.0/main.o
USB_Read                                          build/SLAPSSHV1.0/cdc_enumerate.o
USB_ReadBlocking                                  build/SLAPSSHV1.0/cdc_enumerate.o
                                                  build/SLAPSSHV1.0/msc.o
USB_ReadCore                                      build/SLAPSSHV1.0/cdc_enumerate.o
                                                  build/SLAPSSHV1.0/hid.o
                                                  build/SLAPSSHV1.0/msc.o
USB_Write                                         build/SLAPSSHV1.0/cdc_enumerate.o
                                                  build/SLAPSSHV1.0/msc.o
USB_WriteCore                                     build/SLAPSSHV1.0/cdc_enumerate.o
                                                  build/SLAPSSHV1.0/hid.o
                                                  build/SLAPSSHV1.0/msc.o
WDT_Handler                                       build/SLAPSSHV1.0/startup_samd21.o
__gnu_thumb1_case_uqi                             /opt/homebrew/Cellar/arm-gcc-bin@8/8-2019-q3-update_2/bin/../lib/gcc/arm-none-eabi/8.3.1/thumb/v6-m/nofp/libgcc.a(_thumb1_case_uqi.o)
                                                  build/SLAPSSHV1.0/hid.o
_erelocate                                        build/SLAPSSHV1.0/startup_samd21.o
_estack                                           build/SLAPSSHV1.0/startup_samd21.o
_etext                                            build/SLAPSSHV1.0/startup_samd21.o
_ezero                                            build/SLAPSSHV1.0/startup_samd21.o
_sfixed                                           build/SLAPSSHV1.0/startup_samd21.o
_srelocate                                        build/SLAPSSHV1.0/startup_samd21.o
_szero                                            build/SLAPSSHV1.0/startup_samd21.o
add_crc                                           build/SLAPSSHV1.0/usart_sam_ba.o
                                                  build/SLAPSSHV1.0/hid.o
                                                  build/SLAPSSHV1.0/sam_ba_monitor.o
arrowLogo                                         build/SLAPSSHV1.0/images.o
b_sam_ba_interface_usart                          build/SLAPSSHV1.0/sam_ba_monitor.o
b_sharp_received                                  build/SLAPSSHV1.0/usart_sam_ba.o
binfo                                             build/SLAPSSHV1.0/msc.o
buffer_rx_usart                                   build/SLAPSSHV1.0/usart_sam_ba.o
buffer_tx_usart                                   build/SLAPSSHV1.0/usart_sam_ba.o
call_applet                                       build/SLAPSSHV1.0/sam_ba_monitor.o
cdc_is_rx_ready                                   build/SLAPSSHV1.0/cdc_enumerate.o
cdc_read_buf                                      build/SLAPSSHV1.0/cdc_enumerate.o
                                                  build/SLAPSSHV1.0/sam_ba_monitor.o
cdc_read_buf_xmd                                  build/SLAPSSHV1.0/cdc_enumerate.o
                                                  build/SLAPSSHV1.0/sam_ba_monitor.o
cdc_write_buf                                     build/SLAPSSHV1.0/cdc_enumerate.o
                                                  build/SLAPSSHV1.0/sam_ba_monitor.o
cdc_write_buf_xmd                                 build/SLAPSSHV1.0/cdc_enumerate.o
                                                  build/SLAPSSHV1.0/sam_ba_monitor.o
cfgDescriptor                                     build/SLAPSSHV1.0/cdc_enumerate.o
command                                           build/SLAPSSHV1.0/sam_ba_monitor.o
copy_words                                        build/SLAPSSHV1.0/flash_samd21.o
                                                  build/SLAPSSHV1.0/hid.o
ctrlOutCache                                      build/SLAPSSHV1.0/cdc_enumerate.o
current_cpu_frequency_MHz                         build/SLAPSSHV1.0/init_samd21.o
                                                  build/SLAPSSHV1.0/utils.o
current_number                                    build/SLAPSSHV1.0/sam_ba_monitor.o
data                                              build/SLAPSSHV1.0/sam_ba_monitor.o
delay                                             build/SLAPSSHV1.0/utils.o
                                                  build/SLAPSSHV1.0/main.o
devDescriptor                                     build/SLAPSSHV1.0/cdc_enumerate.o
endpointCache                                     build/SLAPSSHV1.0/cdc_enumerate.o
error_timeout                                     build/SLAPSSHV1.0/usart_sam_ba.o
exception_table                                   build/SLAPSSHV1.0/startup_samd21.o
fileLogo                                          build/SLAPSSHV1.0/images.o
flash_erase_row                                   build/SLAPSSHV1.0/flash_samd21.o
flash_erase_to_end                                build/SLAPSSHV1.0/flash_samd21.o
                                                  build/SLAPSSHV1.0/sam_ba_monitor.o
flash_write                                       build/SLAPSSHV1.0/flash_samd21.o
flash_write_row                                   build/SLAPSSHV1.0/flash_samd21.o
                                                  build/SLAPSSHV1.0/hid.o
                                                  build/SLAPSSHV1.0/fat.o
flash_write_words                                 build/SLAPSSHV1.0/flash_samd21.o
                                                  build/SLAPSSHV1.0/sam_ba_monitor.o
font8                                             build/SLAPSSHV1.0/images.o
g_interrupt_enabled                               build/SLAPSSHV1.0/init_samd21.o
getPacket                                         build/SLAPSSHV1.0/usart_sam_ba.o
handoverPrep                                      build/SLAPSSHV1.0/msc.o
                                                  build/SLAPSSHV1.0/hid.o
hidCfgDescriptor                                  build/SLAPSSHV1.0/cdc_enumerate.o
hidDescriptor                                     build/SLAPSSHV1.0/cdc_enumerate.o
hidHandoverLoop                                   build/SLAPSSHV1.0/hid.o
                                                  build/SLAPSSHV1.0/msc.o
i                                                 build/SLAPSSHV1.0/sam_ba_monitor.o
idx_rx_read                                       build/SLAPSSHV1.0/usart_sam_ba.o
idx_rx_write                                      build/SLAPSSHV1.0/usart_sam_ba.o
idx_tx_read                                       build/SLAPSSHV1.0/usart_sam_ba.o
idx_tx_write                                      build/SLAPSSHV1.0/usart_sam_ba.o
indexFile                                         build/SLAPSSHV1.0/fat.o
infoUf2File                                       build/SLAPSSHV1.0/fat.o
                                                  build/SLAPSSHV1.0/hid.o
                                                  build/SLAPSSHV1.0/msc.o
j                                                 build/SLAPSSHV1.0/sam_ba_monitor.o
led_init                                          build/SLAPSSHV1.0/utils.o
                                                  build/SLAPSSHV1.0/main.o
led_signal                                        build/SLAPSSHV1.0/utils.o
                                                  build/SLAPSSHV1.0/sam_ba_monitor.o
                                                  build/SLAPSSHV1.0/msc.o
led_tick                                          build/SLAPSSHV1.0/utils.o
                                                  build/SLAPSSHV1.0/init_samd21.o
led_tick_on                                       build/SLAPSSHV1.0/utils.o
led_tick_step                                     build/SLAPSSHV1.0/utils.o
                                                  build/SLAPSSHV1.0/main.o
length                                            build/SLAPSSHV1.0/sam_ba_monitor.o
main                                              build/SLAPSSHV1.0/main.o
                                                  build/SLAPSSHV1.0/startup_samd21.o
memcpy                                            /opt/homebrew/Cellar/arm-gcc-bin@8/8-2019-q3-update_2/bin/../lib/gcc/arm-none-eabi/8.3.1/../../../../arm-none-eabi/lib/thumb/v6-m/nofp/libg_nano.a(lib_a-memcpy-stub.o)
                                                  build/SLAPSSHV1.0/hid.o
                                                  build/SLAPSSHV1.0/sam_ba_monitor.o
                                                  build/SLAPSSHV1.0/msc.o
                                                  build/SLAPSSHV1.0/fat.o
                                                  build/SLAPSSHV1.0/cdc_enumerate.o
memset                                            /opt/homebrew/Cellar/arm-gcc-bin@8/8-2019-q3-update_2/bin/../lib/gcc/arm-none-eabi/8.3.1/../../../../arm-none-eabi/lib/thumb/v6-m/nofp/libg_nano.a(lib_a-memset.o)
                                                  build/SLAPSSHV1.0/hid.o
                                                  build/SLAPSSHV1.0/msc.o
                                                  build/SLAPSSHV1.0/fat.o
                                                  build/SLAPSSHV1.0/cdc_enumerate.o
mode_of_transfer                                  build/SLAPSSHV1.0/usart_sam_ba.o
mscReset                                          build/SLAPSSHV1.0/msc.o
msc_reset                                         build/SLAPSSHV1.0/msc.o
padded_memcpy                                     build/SLAPSSHV1.0/fat.o
                                                  build/SLAPSSHV1.0/msc.o
panic                                             build/SLAPSSHV1.0/utils.o
pendriveLogo                                      build/SLAPSSHV1.0/images.o
process_core                                      build/SLAPSSHV1.0/hid.o
process_hid                                       build/SLAPSSHV1.0/hid.o
                                                  build/SLAPSSHV1.0/msc.o
process_msc                                       build/SLAPSSHV1.0/msc.o
                                                  build/SLAPSSHV1.0/sam_ba_monitor.o
ptr                                               build/SLAPSSHV1.0/sam_ba_monitor.o
ptr_data                                          build/SLAPSSHV1.0/sam_ba_monitor.o
put_uint32                                        build/SLAPSSHV1.0/sam_ba_monitor.o
read_block                                        build/SLAPSSHV1.0/fat.o
                                                  build/SLAPSSHV1.0/msc.o
recv_hf2                                          build/SLAPSSHV1.0/hid.o
resetHorizon                                      build/SLAPSSHV1.0/utils.o
                                                  build/SLAPSSHV1.0/main.o
                                                  build/SLAPSSHV1.0/fat.o
resetIntoApp                                      build/SLAPSSHV1.0/utils.o
                                                  build/SLAPSSHV1.0/hid.o
                                                  build/SLAPSSHV1.0/msc.o
resetIntoBootloader                               build/SLAPSSHV1.0/utils.o
                                                  build/SLAPSSHV1.0/hid.o
                                                  build/SLAPSSHV1.0/msc.o
                                                  build/SLAPSSHV1.0/main.o
reset_ep                                          build/SLAPSSHV1.0/cdc_enumerate.o
                                                  build/SLAPSSHV1.0/msc.o
sam_ba_monitor_init                               build/SLAPSSHV1.0/sam_ba_monitor.o
sam_ba_monitor_run                                build/SLAPSSHV1.0/sam_ba_monitor.o
                                                  build/SLAPSSHV1.0/main.o
sam_ba_putdata_term                               build/SLAPSSHV1.0/sam_ba_monitor.o
send_hf2                                          build/SLAPSSHV1.0/hid.o
send_hf2_response                                 build/SLAPSSHV1.0/hid.o
size_of_data                                      build/SLAPSSHV1.0/usart_sam_ba.o
sp                                                build/SLAPSSHV1.0/sam_ba_monitor.o
stall_ep                                          build/SLAPSSHV1.0/cdc_enumerate.o
                                                  build/SLAPSSHV1.0/msc.o
strlen                                            /opt/homebrew/Cellar/arm-gcc-bin@8/8-2019-q3-update_2/bin/../lib/gcc/arm-none-eabi/8.3.1/../../../../arm-none-eabi/lib/thumb/v6-m/nofp/libg_nano.a(lib_a-strlen.o)
                                                  build/SLAPSSHV1.0/hid.o
                                                  build/SLAPSSHV1.0/fat.o
                                                  build/SLAPSSHV1.0/cdc_enumerate.o
system_init                                       build/SLAPSSHV1.0/init_samd21.o
                                                  build/SLAPSSHV1.0/main.o
timerHigh                                         build/SLAPSSHV1.0/utils.o
                                                  build/SLAPSSHV1.0/main.o
                                                  build/SLAPSSHV1.0/fat.o
timerTick                                         build/SLAPSSHV1.0/utils.o
                                                  build/SLAPSSHV1.0/cdc_enumerate.o
try_read_cbw                                      build/SLAPSSHV1.0/msc.o
u32tmp                                            build/SLAPSSHV1.0/sam_ba_monitor.o
uart_basic_init                                   build/SLAPSSHV1.0/uart_driver.o
                                                  build/SLAPSSHV1.0/usart_sam_ba.o
uart_disable                                      build/SLAPSSHV1.0/uart_driver.o
                                                  build/SLAPSSHV1.0/usart_sam_ba.o
uart_drv_error_flag                               build/SLAPSSHV1.0/uart_driver.o
uart_get_sercom_index                             build/SLAPSSHV1.0/uart_driver.o
                                                  build/SLAPSSHV1.0/usart_sam_ba.o
uart_read_buffer_polled                           build/SLAPSSHV1.0/uart_driver.o
uart_read_byte                                    build/SLAPSSHV1.0/uart_driver.o
                                                  build/SLAPSSHV1.0/usart_sam_ba.o
uart_write_buffer_polled                          build/SLAPSSHV1.0/uart_driver.o
uart_write_byte                                   build/SLAPSSHV1.0/uart_driver.o
                                                  build/SLAPSSHV1.0/usart_sam_ba.o
udd_ep_set_halt                                   build/SLAPSSHV1.0/msc.o
udi_msc_csw_send                                  build/SLAPSSHV1.0/msc.o
usart_close                                       build/SLAPSSHV1.0/usart_sam_ba.o
usart_getc                                        build/SLAPSSHV1.0/usart_sam_ba.o
usart_getdata                                     build/SLAPSSHV1.0/usart_sam_ba.o
usart_getdata_xmd                                 build/SLAPSSHV1.0/usart_sam_ba.o
usart_is_rx_ready                                 build/SLAPSSHV1.0/usart_sam_ba.o
usart_open                                        build/SLAPSSHV1.0/usart_sam_ba.o
usart_putc                                        build/SLAPSSHV1.0/usart_sam_ba.o
usart_putdata                                     build/SLAPSSHV1.0/usart_sam_ba.o
usart_putdata_xmd                                 build/SLAPSSHV1.0/usart_sam_ba.o
usart_readc                                       build/SLAPSSHV1.0/usart_sam_ba.o
usart_sharp_received                              build/SLAPSSHV1.0/usart_sam_ba.o
usb_endpoint_table                                build/SLAPSSHV1.0/cdc_enumerate.o
usb_init                                          build/SLAPSSHV1.0/cdc_enumerate.o
                                                  build/SLAPSSHV1.0/main.o
writeNum                                          build/SLAPSSHV1.0/utils.o
                                                  build/SLAPSSHV1.0/sam_ba_monitor.o
                                                  build/SLAPSSHV1.0/cdc_enumerate.o
write_block                                       build/SLAPSSHV1.0/fat.o
                                                  build/SLAPSSHV1.0/msc.o
