Archive member included to satisfy reference by file (symbol)

/opt/homebrew/Cellar/arm-gcc-bin@8/8-2019-q3-update_2/bin/../lib/gcc/arm-none-eabi/8.3.1/../../../../arm-none-eabi/lib/thumb/v6-m/nofp/libg_nano.a(lib_a-memcpy-stub.o)
                              build/SLAPSSHV1.0/selfmain.o (memcpy)

Allocating common symbols
Common symbol       size              file

b_sharp_received    0x1               build/SLAPSSHV1.0/usart_sam_ba.o
timerHigh           0x4               build/SLAPSSHV1.0/utils.o
idx_rx_write        0x1               build/SLAPSSHV1.0/usart_sam_ba.o
size_of_data        0x2               build/SLAPSSHV1.0/usart_sam_ba.o
bootloader_page_buf
                    0x100             build/SLAPSSHV1.0/selfmain.o
resetHorizon        0x4               build/SLAPSSHV1.0/utils.o
idx_tx_read         0x1               build/SLAPSSHV1.0/usart_sam_ba.o
buffer_tx_usart     0x80              build/SLAPSSHV1.0/usart_sam_ba.o
error_timeout       0x1               build/SLAPSSHV1.0/usart_sam_ba.o
mode_of_transfer    0x1               build/SLAPSSHV1.0/usart_sam_ba.o
idx_rx_read         0x1               build/SLAPSSHV1.0/usart_sam_ba.o
idx_tx_write        0x1               build/SLAPSSHV1.0/usart_sam_ba.o
buffer_rx_usart     0x80              build/SLAPSSHV1.0/usart_sam_ba.o

Discarded input sections

 .text          0x0000000000000000        0x0 build/SLAPSSHV1.0/flash_samd21.o
 .data          0x0000000000000000        0x0 build/SLAPSSHV1.0/flash_samd21.o
 .bss           0x0000000000000000        0x0 build/SLAPSSHV1.0/flash_samd21.o
 .text.flash_erase_to_end
                0x0000000000000000       0x1c build/SLAPSSHV1.0/flash_samd21.o
 .text.copy_words
                0x0000000000000000       0x14 build/SLAPSSHV1.0/flash_samd21.o
 .text.flash_write
                0x0000000000000000       0x90 build/SLAPSSHV1.0/flash_samd21.o
 .text          0x0000000000000000        0x0 build/SLAPSSHV1.0/init_samd21.o
 .data          0x0000000000000000        0x0 build/SLAPSSHV1.0/init_samd21.o
 .bss           0x0000000000000000        0x0 build/SLAPSSHV1.0/init_samd21.o
 .data.g_interrupt_enabled
                0x0000000000000000        0x1 build/SLAPSSHV1.0/init_samd21.o
 .text          0x0000000000000000        0x0 build/SLAPSSHV1.0/startup_samd21.o
 .data          0x0000000000000000        0x0 build/SLAPSSHV1.0/startup_samd21.o
 .bss           0x0000000000000000        0x0 build/SLAPSSHV1.0/startup_samd21.o
 .text          0x0000000000000000        0x0 build/SLAPSSHV1.0/usart_sam_ba.o
 .data          0x0000000000000000        0x0 build/SLAPSSHV1.0/usart_sam_ba.o
 .bss           0x0000000000000000        0x0 build/SLAPSSHV1.0/usart_sam_ba.o
 .text.usart_open
                0x0000000000000000       0xbc build/SLAPSSHV1.0/usart_sam_ba.o
 .text.usart_close
                0x0000000000000000       0x10 build/SLAPSSHV1.0/usart_sam_ba.o
 .text.usart_putc
                0x0000000000000000       0x14 build/SLAPSSHV1.0/usart_sam_ba.o
 .text.usart_getc
                0x0000000000000000       0x10 build/SLAPSSHV1.0/usart_sam_ba.o
 .text.usart_is_rx_ready
                0x0000000000000000       0x10 build/SLAPSSHV1.0/usart_sam_ba.o
 .text.usart_sharp_received
                0x0000000000000000       0x1a build/SLAPSSHV1.0/usart_sam_ba.o
 .text.usart_readc
                0x0000000000000000       0x20 build/SLAPSSHV1.0/usart_sam_ba.o
 .text.usart_putdata
                0x0000000000000000       0x1a build/SLAPSSHV1.0/usart_sam_ba.o
 .text.usart_getdata
                0x0000000000000000        0xe build/SLAPSSHV1.0/usart_sam_ba.o
 .text.getbytes
                0x0000000000000000       0x60 build/SLAPSSHV1.0/usart_sam_ba.o
 .text.getPacket
                0x0000000000000000       0x70 build/SLAPSSHV1.0/usart_sam_ba.o
 .text.usart_putdata_xmd
                0x0000000000000000      0x10c build/SLAPSSHV1.0/usart_sam_ba.o
 .text.usart_getdata_xmd
                0x0000000000000000       0xb8 build/SLAPSSHV1.0/usart_sam_ba.o
 COMMON         0x0000000000000000      0x109 build/SLAPSSHV1.0/usart_sam_ba.o
 .text          0x0000000000000000        0x0 build/SLAPSSHV1.0/screen.o
 .data          0x0000000000000000        0x0 build/SLAPSSHV1.0/screen.o
 .bss           0x0000000000000000        0x0 build/SLAPSSHV1.0/screen.o
 .debug_info    0x0000000000000000      0x993 build/SLAPSSHV1.0/screen.o
 .debug_abbrev  0x0000000000000000      0x1bd build/SLAPSSHV1.0/screen.o
 .debug_aranges
                0x0000000000000000       0x18 build/SLAPSSHV1.0/screen.o
 .debug_line    0x0000000000000000      0x1a6 build/SLAPSSHV1.0/screen.o
 .debug_str     0x0000000000000000      0x615 build/SLAPSSHV1.0/screen.o
 .comment       0x0000000000000000       0x77 build/SLAPSSHV1.0/screen.o
 .ARM.attributes
                0x0000000000000000       0x32 build/SLAPSSHV1.0/screen.o
 .text          0x0000000000000000        0x0 build/SLAPSSHV1.0/images.o
 .data          0x0000000000000000        0x0 build/SLAPSSHV1.0/images.o
 .bss           0x0000000000000000        0x0 build/SLAPSSHV1.0/images.o
 .rodata.arrowLogo
                0x0000000000000000       0x39 build/SLAPSSHV1.0/images.o
 .rodata.fileLogo
                0x0000000000000000       0x4a build/SLAPSSHV1.0/images.o
 .rodata.font8  0x0000000000000000      0x240 build/SLAPSSHV1.0/images.o
 .rodata.pendriveLogo
                0x0000000000000000       0x3e build/SLAPSSHV1.0/images.o
 .debug_info    0x0000000000000000      0x11e build/SLAPSSHV1.0/images.o
 .debug_abbrev  0x0000000000000000       0x6a build/SLAPSSHV1.0/images.o
 .debug_aranges
                0x0000000000000000       0x18 build/SLAPSSHV1.0/images.o
 .debug_line    0x0000000000000000       0xf2 build/SLAPSSHV1.0/images.o
 .debug_str     0x0000000000000000      0x1e0 build/SLAPSSHV1.0/images.o
 .comment       0x0000000000000000       0x77 build/SLAPSSHV1.0/images.o
 .ARM.attributes
                0x0000000000000000       0x32 build/SLAPSSHV1.0/images.o
 .text          0x0000000000000000        0x0 build/SLAPSSHV1.0/utils.o
 .data          0x0000000000000000        0x0 build/SLAPSSHV1.0/utils.o
 .bss           0x0000000000000000        0x0 build/SLAPSSHV1.0/utils.o
 .text.delay    0x0000000000000000       0x28 build/SLAPSSHV1.0/utils.o
 .text.writeNum
                0x0000000000000000       0x38 build/SLAPSSHV1.0/utils.o
 .text.timerTick
                0x0000000000000000       0x40 build/SLAPSSHV1.0/utils.o
 .text.led_signal
                0x0000000000000000       0x2c build/SLAPSSHV1.0/utils.o
 .text.RGBLED_set_color
                0x0000000000000000        0x2 build/SLAPSSHV1.0/utils.o
 .bss.timerLow  0x0000000000000000        0x4 build/SLAPSSHV1.0/utils.o
 COMMON         0x0000000000000000        0x8 build/SLAPSSHV1.0/utils.o
 .text          0x0000000000000000        0x0 build/SLAPSSHV1.0/selfmain.o
 .data          0x0000000000000000        0x0 build/SLAPSSHV1.0/selfmain.o
 .bss           0x0000000000000000        0x0 build/SLAPSSHV1.0/selfmain.o
 .text          0x0000000000000000        0x0 build/SLAPSSHV1.0/selfdata.o
 .data          0x0000000000000000        0x0 build/SLAPSSHV1.0/selfdata.o
 .bss           0x0000000000000000        0x0 build/SLAPSSHV1.0/selfdata.o
 .text          0x0000000000000000        0x0 /opt/homebrew/Cellar/arm-gcc-bin@8/8-2019-q3-update_2/bin/../lib/gcc/arm-none-eabi/8.3.1/../../../../arm-none-eabi/lib/thumb/v6-m/nofp/libg_nano.a(lib_a-memcpy-stub.o)
 .data          0x0000000000000000        0x0 /opt/homebrew/Cellar/arm-gcc-bin@8/8-2019-q3-update_2/bin/../lib/gcc/arm-none-eabi/8.3.1/../../../../arm-none-eabi/lib/thumb/v6-m/nofp/libg_nano.a(lib_a-memcpy-stub.o)
 .bss           0x0000000000000000        0x0 /opt/homebrew/Cellar/arm-gcc-bin@8/8-2019-q3-update_2/bin/../lib/gcc/arm-none-eabi/8.3.1/../../../../arm-none-eabi/lib/thumb/v6-m/nofp/libg_nano.a(lib_a-memcpy-stub.o)

Memory Configuration

Name             Origin             Length             Attributes
rom              0x0000000000002000 0x0000000000020000 xr
ram              0x0000000020000000 0x0000000000008000 xrw
*default*        0x0000000000000000 0xffffffffffffffff

Linker script and memory map

LOAD build/SLAPSSHV1.0/flash_samd21.o
LOAD build/SLAPSSHV1.0/init_samd21.o
LOAD build/SLAPSSHV1.0/startup_samd21.o
LOAD build/SLAPSSHV1.0/usart_sam_ba.o
LOAD build/SLAPSSHV1.0/screen.o
LOAD build/SLAPSSHV1.0/images.o
LOAD build/SLAPSSHV1.0/utils.o
LOAD build/SLAPSSHV1.0/selfmain.o
LOAD build/SLAPSSHV1.0/selfdata.o
START GROUP
LOAD /opt/homebrew/Cellar/arm-gcc-bin@8/8-2019-q3-update_2/bin/../lib/gcc/arm-none-eabi/8.3.1/thumb/v6-m/nofp/libgcc.a
LOAD /opt/homebrew/Cellar/arm-gcc-bin@8/8-2019-q3-update_2/bin/../lib/gcc/arm-none-eabi/8.3.1/../../../../arm-none-eabi/lib/thumb/v6-m/nofp/libg_nano.a
LOAD /opt/homebrew/Cellar/arm-gcc-bin@8/8-2019-q3-update_2/bin/../lib/gcc/arm-none-eabi/8.3.1/../../../../arm-none-eabi/lib/thumb/v6-m/nofp/libc_nano.a
END GROUP
START GROUP
LOAD /opt/homebrew/Cellar/arm-gcc-bin@8/8-2019-q3-update_2/bin/../lib/gcc/arm-none-eabi/8.3.1/thumb/v6-m/nofp/libgcc.a
LOAD /opt/homebrew/Cellar/arm-gcc-bin@8/8-2019-q3-update_2/bin/../lib/gcc/arm-none-eabi/8.3.1/../../../../arm-none-eabi/lib/thumb/v6-m/nofp/libc_nano.a
LOAD /opt/homebrew/Cellar/arm-gcc-bin@8/8-2019-q3-update_2/bin/../lib/gcc/arm-none-eabi/8.3.1/../../../../arm-none-eabi/lib/thumb/v6-m/nofp/libnosys.a
END GROUP
START GROUP
LOAD /opt/homebrew/Cellar/arm-gcc-bin@8/8-2019-q3-update_2/bin/../lib/gcc/arm-none-eabi/8.3.1/thumb/v6-m/nofp/libgcc.a
LOAD /opt/homebrew/Cellar/arm-gcc-bin@8/8-2019-q3-update_2/bin/../lib/gcc/arm-none-eabi/8.3.1/../../../../arm-none-eabi/lib/thumb/v6-m/nofp/libc_nano.a
LOAD /opt/homebrew/Cellar/arm-gcc-bin@8/8-2019-q3-update_2/bin/../lib/gcc/arm-none-eabi/8.3.1/../../../../arm-none-eabi/lib/thumb/v6-m/nofp/libnosys.a
END GROUP
                0x0000000000002000                STACK_SIZE = DEFINED (STACK_SIZE)?STACK_SIZE:DEFINED (__stack_size__)?__stack_size__:0x2000

.text           0x0000000000002000     0x25a4
                0x0000000000002000                . = ALIGN (0x4)
                0x0000000000002000                _sfixed = .
 *(.vectors .vectors.*)
 .vectors       0x0000000000002000       0xb4 build/SLAPSSHV1.0/startup_samd21.o
                0x0000000000002000                exception_table
 *(.text .text.* .gnu.linkonce.t.*)
 .text.flash_erase_row
                0x00000000000020b4       0x28 build/SLAPSSHV1.0/flash_samd21.o
                0x00000000000020b4                flash_erase_row
 .text.flash_write_words
                0x00000000000020dc       0x54 build/SLAPSSHV1.0/flash_samd21.o
                0x00000000000020dc                flash_write_words
 .text.flash_write_row
                0x0000000000002130       0x2e build/SLAPSSHV1.0/flash_samd21.o
                0x0000000000002130                flash_write_row
 *fill*         0x000000000000215e        0x2 
 .text.dfll_sync
                0x0000000000002160       0x10 build/SLAPSSHV1.0/init_samd21.o
 .text.system_init
                0x0000000000002170       0xbc build/SLAPSSHV1.0/init_samd21.o
                0x0000000000002170                system_init
 .text.SysTick_Handler
                0x000000000000222c        0x8 build/SLAPSSHV1.0/init_samd21.o
                0x000000000000222c                SysTick_Handler
 .text.Dummy_Handler
                0x0000000000002234        0x2 build/SLAPSSHV1.0/startup_samd21.o
                0x0000000000002234                SYSCTRL_Handler
                0x0000000000002234                AC_Handler
                0x0000000000002234                PendSV_Handler
                0x0000000000002234                NMI_Handler
                0x0000000000002234                SERCOM1_Handler
                0x0000000000002234                ADC_Handler
                0x0000000000002234                TCC1_Handler
                0x0000000000002234                SERCOM2_Handler
                0x0000000000002234                TCC0_Handler
                0x0000000000002234                RTC_Handler
                0x0000000000002234                EIC_Handler
                0x0000000000002234                WDT_Handler
                0x0000000000002234                TC4_Handler
                0x0000000000002234                USB_Handler
                0x0000000000002234                TC3_Handler
                0x0000000000002234                Dummy_Handler
                0x0000000000002234                PM_Handler
                0x0000000000002234                SVC_Handler
                0x0000000000002234                TCC2_Handler
                0x0000000000002234                EVSYS_Handler
                0x0000000000002234                SERCOM3_Handler
                0x0000000000002234                I2S_Handler
                0x0000000000002234                NVMCTRL_Handler
                0x0000000000002234                SERCOM0_Handler
                0x0000000000002234                DAC_Handler
                0x0000000000002234                PTC_Handler
                0x0000000000002234                TC5_Handler
                0x0000000000002234                DMAC_Handler
 .text.HardFault_Handler
                0x0000000000002236        0x2 build/SLAPSSHV1.0/startup_samd21.o
                0x0000000000002236                HardFault_Handler
 .text.Reset_Handler
                0x0000000000002238       0xa8 build/SLAPSSHV1.0/startup_samd21.o
                0x0000000000002238                Reset_Handler
 .text.add_crc  0x00000000000022e0       0x54 build/SLAPSSHV1.0/usart_sam_ba.o
                0x00000000000022e0                add_crc
 .text.panic    0x0000000000002334        0x2 build/SLAPSSHV1.0/utils.o
                0x0000000000002334                panic
 *fill*         0x0000000000002336        0x2 
 .text.resetIntoApp
                0x0000000000002338       0x28 build/SLAPSSHV1.0/utils.o
                0x0000000000002338                resetIntoApp
 .text.resetIntoBootloader
                0x0000000000002360       0x28 build/SLAPSSHV1.0/utils.o
                0x0000000000002360                resetIntoBootloader
 .text.led_tick
                0x0000000000002388       0x88 build/SLAPSSHV1.0/utils.o
                0x0000000000002388                led_tick
 .text.led_init
                0x0000000000002410       0x10 build/SLAPSSHV1.0/utils.o
                0x0000000000002410                led_init
 .text.nvmctrl_exec_cmd
                0x0000000000002420       0x2c build/SLAPSSHV1.0/selfmain.o
 .text.set_fuses_and_bootprot
                0x000000000000244c       0x7c build/SLAPSSHV1.0/selfmain.o
                0x000000000000244c                set_fuses_and_bootprot
 .text.startup.main
                0x00000000000024c8       0xb8 build/SLAPSSHV1.0/selfmain.o
                0x00000000000024c8                main
 .text.memcpy   0x0000000000002580       0x12 /opt/homebrew/Cellar/arm-gcc-bin@8/8-2019-q3-update_2/bin/../lib/gcc/arm-none-eabi/8.3.1/../../../../arm-none-eabi/lib/thumb/v6-m/nofp/libg_nano.a(lib_a-memcpy-stub.o)
                0x0000000000002580                memcpy
 *(.glue_7t)
 .glue_7t       0x0000000000002592        0x0 linker stubs
 *(.glue_7)
 .glue_7        0x0000000000002592        0x0 linker stubs
 *(.rodata .rodata* .gnu.linkonce.r.*)
 *fill*         0x0000000000002592        0x2 
 .rodata.bootloader
                0x0000000000002594     0x2000 build/SLAPSSHV1.0/selfdata.o
                0x0000000000002594                bootloader
 .rodata.bootloader_crcs
                0x0000000000004594       0x10 build/SLAPSSHV1.0/selfdata.o
                0x0000000000004594                bootloader_crcs
 *(.ARM.extab* .gnu.linkonce.armextab.*)
                0x00000000000045a4                . = ALIGN (0x4)
 *(.init)
                0x00000000000045a4                . = ALIGN (0x4)
                0x00000000000045a4                __preinit_array_start = .
 *(.preinit_array)
                0x00000000000045a4                __preinit_array_end = .
                0x00000000000045a4                . = ALIGN (0x4)
                0x00000000000045a4                __init_array_start = .
 *(SORT_BY_NAME(.init_array.*))
 *(.init_array)
                0x00000000000045a4                __init_array_end = .
                0x00000000000045a4                . = ALIGN (0x4)
 *crtbegin.o(.ctors)
 *(EXCLUDE_FILE(*crtend.o) .ctors)
 *(SORT_BY_NAME(.ctors.*))
 *crtend.o(.ctors)
                0x00000000000045a4                . = ALIGN (0x4)
                0x00000000000045a4                _efixed = .
                [!provide]                        PROVIDE (__exidx_start = .)

.vfp11_veneer   0x00000000000045a4        0x0
 .vfp11_veneer  0x00000000000045a4        0x0 linker stubs

.v4_bx          0x00000000000045a4        0x0
 .v4_bx         0x00000000000045a4        0x0 linker stubs

.iplt           0x00000000000045a4        0x0
 .iplt          0x00000000000045a4        0x0 build/SLAPSSHV1.0/flash_samd21.o

.igot.plt       0x00000000000045a4        0x0
 .igot.plt      0x00000000000045a4        0x0 build/SLAPSSHV1.0/flash_samd21.o

.rel.dyn        0x00000000000045a4        0x0
 .rel.iplt      0x00000000000045a4        0x0 build/SLAPSSHV1.0/flash_samd21.o

.ARM.exidx
 *(.ARM.exidx* .gnu.linkonce.armexidx.*)
                [!provide]                        PROVIDE (__exidx_end = .)
                0x00000000000045a4                . = ALIGN (0x4)
                0x00000000000045a4                _etext = .

.relocate       0x0000000020000000        0x8 load address 0x00000000000045a4
                0x0000000020000000                . = ALIGN (0x4)
                0x0000000020000000                _srelocate = .
 *(.ramfunc .ramfunc.*)
 *(.data .data.*)
 .data.current_cpu_frequency_MHz
                0x0000000020000000        0x4 build/SLAPSSHV1.0/init_samd21.o
                0x0000000020000000                current_cpu_frequency_MHz
 .data.led_tick_step
                0x0000000020000004        0x1 build/SLAPSSHV1.0/utils.o
                0x0000000020000004                led_tick_step
 .data.limit    0x0000000020000005        0x1 build/SLAPSSHV1.0/utils.o
                0x0000000020000008                . = ALIGN (0x4)
 *fill*         0x0000000020000006        0x2 
                0x0000000020000008                _erelocate = .

.bss            0x0000000020000008      0x30c load address 0x00000000000045ac
                0x0000000020000008                . = ALIGN (0x4)
                0x0000000020000008                _sbss = .
                0x0000000020000008                _szero = .
 *(.bss .bss.*)
 .bss.crcCache  0x0000000020000008      0x200 build/SLAPSSHV1.0/usart_sam_ba.o
 .bss.led_tick_on
                0x0000000020000208        0x1 build/SLAPSSHV1.0/utils.o
                0x0000000020000208                led_tick_on
 *fill*         0x0000000020000209        0x3 
 .bss.now       0x000000002000020c        0x4 build/SLAPSSHV1.0/utils.o
 .bss.signal_end
                0x0000000020000210        0x4 build/SLAPSSHV1.0/utils.o
 *(COMMON)
 COMMON         0x0000000020000214      0x100 build/SLAPSSHV1.0/selfmain.o
                0x0000000020000214                bootloader_page_buf
                0x0000000020000314                . = ALIGN (0x4)
                0x0000000020000314                _ebss = .
                0x0000000020000314                _ezero = .

.stack          0x0000000020000314     0x2004 load address 0x00000000000048b8
                0x0000000020000318                . = ALIGN (0x8)
 *fill*         0x0000000020000314        0x4 
                0x0000000020000318                _sstack = .
                0x0000000020002318                . = (. + STACK_SIZE)
 *fill*         0x0000000020000318     0x2000 
                0x0000000020002318                . = ALIGN (0x8)
                0x0000000020002318                _estack = .
                0x0000000020002318                . = ALIGN (0x4)
                0x0000000020002318                _end = .
OUTPUT(build/SLAPSSHV1.0/update-bootloader-SLAPSSHV1.0-v3.15.0-dirty.elf elf32-littlearm)

.debug_info     0x0000000000000000     0xe05d
 .debug_info    0x0000000000000000     0x10f5 build/SLAPSSHV1.0/flash_samd21.o
 .debug_info    0x00000000000010f5     0x2599 build/SLAPSSHV1.0/init_samd21.o
 .debug_info    0x000000000000368e     0x3995 build/SLAPSSHV1.0/startup_samd21.o
 .debug_info    0x0000000000007023     0x4208 build/SLAPSSHV1.0/usart_sam_ba.o
 .debug_info    0x000000000000b22b     0x13d1 build/SLAPSSHV1.0/utils.o
 .debug_info    0x000000000000c5fc     0x1972 build/SLAPSSHV1.0/selfmain.o
 .debug_info    0x000000000000df6e       0xef build/SLAPSSHV1.0/selfdata.o

.debug_abbrev   0x0000000000000000     0x170c
 .debug_abbrev  0x0000000000000000      0x304 build/SLAPSSHV1.0/flash_samd21.o
 .debug_abbrev  0x0000000000000304      0x3b1 build/SLAPSSHV1.0/init_samd21.o
 .debug_abbrev  0x00000000000006b5      0x29e build/SLAPSSHV1.0/startup_samd21.o
 .debug_abbrev  0x0000000000000953      0x510 build/SLAPSSHV1.0/usart_sam_ba.o
 .debug_abbrev  0x0000000000000e63      0x3e3 build/SLAPSSHV1.0/utils.o
 .debug_abbrev  0x0000000000001246      0x446 build/SLAPSSHV1.0/selfmain.o
 .debug_abbrev  0x000000000000168c       0x80 build/SLAPSSHV1.0/selfdata.o

.debug_loc      0x0000000000000000     0x1326
 .debug_loc     0x0000000000000000      0x492 build/SLAPSSHV1.0/flash_samd21.o
 .debug_loc     0x0000000000000492       0x6f build/SLAPSSHV1.0/init_samd21.o
 .debug_loc     0x0000000000000501       0x5a build/SLAPSSHV1.0/startup_samd21.o
 .debug_loc     0x000000000000055b      0x9e6 build/SLAPSSHV1.0/usart_sam_ba.o
 .debug_loc     0x0000000000000f41      0x1b1 build/SLAPSSHV1.0/utils.o
 .debug_loc     0x00000000000010f2      0x234 build/SLAPSSHV1.0/selfmain.o

.debug_aranges  0x0000000000000000      0x1e0
 .debug_aranges
                0x0000000000000000       0x48 build/SLAPSSHV1.0/flash_samd21.o
 .debug_aranges
                0x0000000000000048       0x30 build/SLAPSSHV1.0/init_samd21.o
 .debug_aranges
                0x0000000000000078       0x30 build/SLAPSSHV1.0/startup_samd21.o
 .debug_aranges
                0x00000000000000a8       0x88 build/SLAPSSHV1.0/usart_sam_ba.o
 .debug_aranges
                0x0000000000000130       0x68 build/SLAPSSHV1.0/utils.o
 .debug_aranges
                0x0000000000000198       0x30 build/SLAPSSHV1.0/selfmain.o
 .debug_aranges
                0x00000000000001c8       0x18 build/SLAPSSHV1.0/selfdata.o

.debug_ranges   0x0000000000000000      0x298
 .debug_ranges  0x0000000000000000       0xa8 build/SLAPSSHV1.0/flash_samd21.o
 .debug_ranges  0x00000000000000a8       0x40 build/SLAPSSHV1.0/init_samd21.o
 .debug_ranges  0x00000000000000e8       0x20 build/SLAPSSHV1.0/startup_samd21.o
 .debug_ranges  0x0000000000000108       0xb0 build/SLAPSSHV1.0/usart_sam_ba.o
 .debug_ranges  0x00000000000001b8       0x90 build/SLAPSSHV1.0/utils.o
 .debug_ranges  0x0000000000000248       0x50 build/SLAPSSHV1.0/selfmain.o

.debug_line     0x0000000000000000     0x1f3f
 .debug_line    0x0000000000000000      0x485 build/SLAPSSHV1.0/flash_samd21.o
 .debug_line    0x0000000000000485      0x3ce build/SLAPSSHV1.0/init_samd21.o
 .debug_line    0x0000000000000853      0x2a5 build/SLAPSSHV1.0/startup_samd21.o
 .debug_line    0x0000000000000af8      0x954 build/SLAPSSHV1.0/usart_sam_ba.o
 .debug_line    0x000000000000144c      0x545 build/SLAPSSHV1.0/utils.o
 .debug_line    0x0000000000001991      0x4ac build/SLAPSSHV1.0/selfmain.o
 .debug_line    0x0000000000001e3d      0x102 build/SLAPSSHV1.0/selfdata.o

.debug_str      0x0000000000000000     0x2b4a
 .debug_str     0x0000000000000000      0x78b build/SLAPSSHV1.0/flash_samd21.o
                                        0x84e (size before relaxing)
 .debug_str     0x000000000000078b      0x6cd build/SLAPSSHV1.0/init_samd21.o
                                        0xeb7 (size before relaxing)
 .debug_str     0x0000000000000e58      0xed1 build/SLAPSSHV1.0/startup_samd21.o
                                       0x136f (size before relaxing)
 .debug_str     0x0000000000001d29      0xc5c build/SLAPSSHV1.0/usart_sam_ba.o
                                       0x1419 (size before relaxing)
 .debug_str     0x0000000000002985       0xc8 build/SLAPSSHV1.0/utils.o
                                        0x8bf (size before relaxing)
 .debug_str     0x0000000000002a4d       0xe0 build/SLAPSSHV1.0/selfmain.o
                                        0xaae (size before relaxing)
 .debug_str     0x0000000000002b2d       0x1d build/SLAPSSHV1.0/selfdata.o
                                        0x1f9 (size before relaxing)

.comment        0x0000000000000000       0x76
 .comment       0x0000000000000000       0x76 build/SLAPSSHV1.0/flash_samd21.o
                                         0x77 (size before relaxing)
 .comment       0x0000000000000076       0x77 build/SLAPSSHV1.0/init_samd21.o
 .comment       0x0000000000000076       0x77 build/SLAPSSHV1.0/startup_samd21.o
 .comment       0x0000000000000076       0x77 build/SLAPSSHV1.0/usart_sam_ba.o
 .comment       0x0000000000000076       0x77 build/SLAPSSHV1.0/utils.o
 .comment       0x0000000000000076       0x77 build/SLAPSSHV1.0/selfmain.o
 .comment       0x0000000000000076       0x77 build/SLAPSSHV1.0/selfdata.o

.ARM.attributes
                0x0000000000000000       0x2c
 .ARM.attributes
                0x0000000000000000       0x2c build/SLAPSSHV1.0/flash_samd21.o
 .ARM.attributes
                0x000000000000002c       0x2c build/SLAPSSHV1.0/init_samd21.o
 .ARM.attributes
                0x0000000000000058       0x2c build/SLAPSSHV1.0/startup_samd21.o
 .ARM.attributes
                0x0000000000000084       0x2c build/SLAPSSHV1.0/usart_sam_ba.o
 .ARM.attributes
                0x00000000000000b0       0x2c build/SLAPSSHV1.0/utils.o
 .ARM.attributes
                0x00000000000000dc       0x2c build/SLAPSSHV1.0/selfmain.o
 .ARM.attributes
                0x0000000000000108       0x32 build/SLAPSSHV1.0/selfdata.o
 .ARM.attributes
                0x000000000000013a       0x2c /opt/homebrew/Cellar/arm-gcc-bin@8/8-2019-q3-update_2/bin/../lib/gcc/arm-none-eabi/8.3.1/../../../../arm-none-eabi/lib/thumb/v6-m/nofp/libg_nano.a(lib_a-memcpy-stub.o)

.debug_frame    0x0000000000000000      0x42c
 .debug_frame   0x0000000000000000       0xb0 build/SLAPSSHV1.0/flash_samd21.o
 .debug_frame   0x00000000000000b0       0x54 build/SLAPSSHV1.0/init_samd21.o
 .debug_frame   0x0000000000000104       0x4c build/SLAPSSHV1.0/startup_samd21.o
 .debug_frame   0x0000000000000150      0x184 build/SLAPSSHV1.0/usart_sam_ba.o
 .debug_frame   0x00000000000002d4       0xcc build/SLAPSSHV1.0/utils.o
 .debug_frame   0x00000000000003a0       0x64 build/SLAPSSHV1.0/selfmain.o
 .debug_frame   0x0000000000000404       0x28 /opt/homebrew/Cellar/arm-gcc-bin@8/8-2019-q3-update_2/bin/../lib/gcc/arm-none-eabi/8.3.1/../../../../arm-none-eabi/lib/thumb/v6-m/nofp/libg_nano.a(lib_a-memcpy-stub.o)

Cross Reference Table

Symbol                                            File
AC_Handler                                        build/SLAPSSHV1.0/startup_samd21.o
ADC_Handler                                       build/SLAPSSHV1.0/startup_samd21.o
DAC_Handler                                       build/SLAPSSHV1.0/startup_samd21.o
DMAC_Handler                                      build/SLAPSSHV1.0/startup_samd21.o
Dummy_Handler                                     build/SLAPSSHV1.0/startup_samd21.o
EIC_Handler                                       build/SLAPSSHV1.0/startup_samd21.o
EVSYS_Handler                                     build/SLAPSSHV1.0/startup_samd21.o
HardFault_Handler                                 build/SLAPSSHV1.0/startup_samd21.o
I2S_Handler                                       build/SLAPSSHV1.0/startup_samd21.o
NMI_Handler                                       build/SLAPSSHV1.0/startup_samd21.o
NVMCTRL_Handler                                   build/SLAPSSHV1.0/startup_samd21.o
PM_Handler                                        build/SLAPSSHV1.0/startup_samd21.o
PTC_Handler                                       build/SLAPSSHV1.0/startup_samd21.o
PendSV_Handler                                    build/SLAPSSHV1.0/startup_samd21.o
RGBLED_set_color                                  build/SLAPSSHV1.0/utils.o
RTC_Handler                                       build/SLAPSSHV1.0/startup_samd21.o
Reset_Handler                                     build/SLAPSSHV1.0/startup_samd21.o
SERCOM0_Handler                                   build/SLAPSSHV1.0/startup_samd21.o
SERCOM1_Handler                                   build/SLAPSSHV1.0/startup_samd21.o
SERCOM2_Handler                                   build/SLAPSSHV1.0/startup_samd21.o
SERCOM3_Handler                                   build/SLAPSSHV1.0/startup_samd21.o
SVC_Handler                                       build/SLAPSSHV1.0/startup_samd21.o
SYSCTRL_Handler                                   build/SLAPSSHV1.0/startup_samd21.o
SysTick_Handler                                   build/SLAPSSHV1.0/init_samd21.o
TC3_Handler                                       build/SLAPSSHV1.0/startup_samd21.o
TC4_Handler                                       build/SLAPSSHV1.0/startup_samd21.o
TC5_Handler                                       build/SLAPSSHV1.0/startup_samd21.o
TCC0_Handler                                      build/SLAPSSHV1.0/startup_samd21.o
TCC1_Handler                                      build/SLAPSSHV1.0/startup_samd21.o
TCC2_Handler                                      build/SLAPSSHV1.0/startup_samd21.o
USB_Handler                                       build/SLAPSSHV1.0/startup_samd21.o
WDT_Handler                                       build/SLAPSSHV1.0/startup_samd21.o
_erelocate                                        build/SLAPSSHV1.0/startup_samd21.o
_estack                                           build/SLAPSSHV1.0/startup_samd21.o
_etext                                            build/SLAPSSHV1.0/startup_samd21.o
_ezero                                            build/SLAPSSHV1.0/startup_samd21.o
_sfixed                                           build/SLAPSSHV1.0/startup_samd21.o
_srelocate                                        build/SLAPSSHV1.0/startup_samd21.o
_szero                                            build/SLAPSSHV1.0/startup_samd21.o
add_crc                                           build/SLAPSSHV1.0/usart_sam_ba.o
                                                  build/SLAPSSHV1.0/selfmain.o
arrowLogo                                         build/SLAPSSHV1.0/images.o
b_sharp_received                                  build/SLAPSSHV1.0/usart_sam_ba.o
bootloader                                        build/SLAPSSHV1.0/selfdata.o
                                                  build/SLAPSSHV1.0/selfmain.o
bootloader_crcs                                   build/SLAPSSHV1.0/selfdata.o
                                                  build/SLAPSSHV1.0/selfmain.o
bootloader_page_buf                               build/SLAPSSHV1.0/selfmain.o
buffer_rx_usart                                   build/SLAPSSHV1.0/usart_sam_ba.o
buffer_tx_usart                                   build/SLAPSSHV1.0/usart_sam_ba.o
copy_words                                        build/SLAPSSHV1.0/flash_samd21.o
current_cpu_frequency_MHz                         build/SLAPSSHV1.0/init_samd21.o
                                                  build/SLAPSSHV1.0/utils.o
delay                                             build/SLAPSSHV1.0/utils.o
error_timeout                                     build/SLAPSSHV1.0/usart_sam_ba.o
exception_table                                   build/SLAPSSHV1.0/startup_samd21.o
fileLogo                                          build/SLAPSSHV1.0/images.o
flash_erase_row                                   build/SLAPSSHV1.0/flash_samd21.o
flash_erase_to_end                                build/SLAPSSHV1.0/flash_samd21.o
flash_write                                       build/SLAPSSHV1.0/flash_samd21.o
flash_write_row                                   build/SLAPSSHV1.0/flash_samd21.o
                                                  build/SLAPSSHV1.0/selfmain.o
flash_write_words                                 build/SLAPSSHV1.0/flash_samd21.o
                                                  build/SLAPSSHV1.0/selfmain.o
font8                                             build/SLAPSSHV1.0/images.o
g_interrupt_enabled                               build/SLAPSSHV1.0/init_samd21.o
getPacket                                         build/SLAPSSHV1.0/usart_sam_ba.o
idx_rx_read                                       build/SLAPSSHV1.0/usart_sam_ba.o
idx_rx_write                                      build/SLAPSSHV1.0/usart_sam_ba.o
idx_tx_read                                       build/SLAPSSHV1.0/usart_sam_ba.o
idx_tx_write                                      build/SLAPSSHV1.0/usart_sam_ba.o
led_init                                          build/SLAPSSHV1.0/utils.o
                                                  build/SLAPSSHV1.0/selfmain.o
led_signal                                        build/SLAPSSHV1.0/utils.o
led_tick                                          build/SLAPSSHV1.0/utils.o
                                                  build/SLAPSSHV1.0/init_samd21.o
led_tick_on                                       build/SLAPSSHV1.0/utils.o
led_tick_step                                     build/SLAPSSHV1.0/utils.o
main                                              build/SLAPSSHV1.0/selfmain.o
                                                  build/SLAPSSHV1.0/startup_samd21.o
memcpy                                            /opt/homebrew/Cellar/arm-gcc-bin@8/8-2019-q3-update_2/bin/../lib/gcc/arm-none-eabi/8.3.1/../../../../arm-none-eabi/lib/thumb/v6-m/nofp/libg_nano.a(lib_a-memcpy-stub.o)
                                                  build/SLAPSSHV1.0/selfmain.o
mode_of_transfer                                  build/SLAPSSHV1.0/usart_sam_ba.o
panic                                             build/SLAPSSHV1.0/utils.o
                                                  build/SLAPSSHV1.0/selfmain.o
pendriveLogo                                      build/SLAPSSHV1.0/images.o
resetHorizon                                      build/SLAPSSHV1.0/utils.o
resetIntoApp                                      build/SLAPSSHV1.0/utils.o
                                                  build/SLAPSSHV1.0/selfmain.o
resetIntoBootloader                               build/SLAPSSHV1.0/utils.o
                                                  build/SLAPSSHV1.0/selfmain.o
set_fuses_and_bootprot                            build/SLAPSSHV1.0/selfmain.o
size_of_data                                      build/SLAPSSHV1.0/usart_sam_ba.o
system_init                                       build/SLAPSSHV1.0/init_samd21.o
                                                  build/SLAPSSHV1.0/selfmain.o
timerHigh                                         build/SLAPSSHV1.0/utils.o
timerTick                                         build/SLAPSSHV1.0/utils.o
uart_basic_init                                   build/SLAPSSHV1.0/usart_sam_ba.o
uart_disable                                      build/SLAPSSHV1.0/usart_sam_ba.o
uart_get_sercom_index                             build/SLAPSSHV1.0/usart_sam_ba.o
uart_read_byte                                    build/SLAPSSHV1.0/usart_sam_ba.o
uart_write_byte                                   build/SLAPSSHV1.0/usart_sam_ba.o
usart_close                                       build/SLAPSSHV1.0/usart_sam_ba.o
usart_getc                                        build/SLAPSSHV1.0/usart_sam_ba.o
usart_getdata                                     build/SLAPSSHV1.0/usart_sam_ba.o
usart_getdata_xmd                                 build/SLAPSSHV1.0/usart_sam_ba.o
usart_is_rx_ready                                 build/SLAPSSHV1.0/usart_sam_ba.o
usart_open                                        build/SLAPSSHV1.0/usart_sam_ba.o
usart_putc                                        build/SLAPSSHV1.0/usart_sam_ba.o
usart_putdata                                     build/SLAPSSHV1.0/usart_sam_ba.o
usart_putdata_xmd                                 build/SLAPSSHV1.0/usart_sam_ba.o
usart_readc                                       build/SLAPSSHV1.0/usart_sam_ba.o
usart_sharp_received                              build/SLAPSSHV1.0/usart_sam_ba.o
writeNum                                          build/SLAPSSHV1.0/utils.o
