Archive member included to satisfy reference by file (symbol)

/opt/homebrew/Cellar/arm-gcc-bin@8/8-2019-q3-update_2/bin/../lib/gcc/arm-none-eabi/8.3.1/thumb/v6-m/nofp/libgcc.a(_thumb1_case_uqi.o)
                              build/QTPy_m0/hid.o (__gnu_thumb1_case_uqi)
/opt/homebrew/Cellar/arm-gcc-bin@8/8-2019-q3-update_2/bin/../lib/gcc/arm-none-eabi/8.3.1/../../../../arm-none-eabi/lib/thumb/v6-m/nofp/libg_nano.a(lib_a-memcpy-stub.o)
                              build/QTPy_m0/cdc_enumerate.o (memcpy)
/opt/homebrew/Cellar/arm-gcc-bin@8/8-2019-q3-update_2/bin/../lib/gcc/arm-none-eabi/8.3.1/../../../../arm-none-eabi/lib/thumb/v6-m/nofp/libg_nano.a(lib_a-memset.o)
                              build/QTPy_m0/cdc_enumerate.o (memset)
/opt/homebrew/Cellar/arm-gcc-bin@8/8-2019-q3-update_2/bin/../lib/gcc/arm-none-eabi/8.3.1/../../../../arm-none-eabi/lib/thumb/v6-m/nofp/libg_nano.a(lib_a-strlen.o)
                              build/QTPy_m0/cdc_enumerate.o (strlen)

Allocating common symbols
Common symbol       size              file

b_sharp_received    0x1               build/QTPy_m0/usart_sam_ba.o
timerHigh           0x4               build/QTPy_m0/utils.o
j                   0x1               build/QTPy_m0/sam_ba_monitor.o
idx_rx_write        0x1               build/QTPy_m0/usart_sam_ba.o
size_of_data        0x2               build/QTPy_m0/usart_sam_ba.o
ctrlOutCache        0x44              build/QTPy_m0/cdc_enumerate.o
length              0x4               build/QTPy_m0/sam_ba_monitor.o
ptr                 0x4               build/QTPy_m0/sam_ba_monitor.o
command             0x1               build/QTPy_m0/sam_ba_monitor.o
resetHorizon        0x4               build/QTPy_m0/utils.o
idx_tx_read         0x1               build/QTPy_m0/usart_sam_ba.o
i                   0x4               build/QTPy_m0/sam_ba_monitor.o
buffer_tx_usart     0x80              build/QTPy_m0/usart_sam_ba.o
error_timeout       0x1               build/QTPy_m0/usart_sam_ba.o
usb_endpoint_table  0x100             build/QTPy_m0/cdc_enumerate.o
data                0x41              build/QTPy_m0/sam_ba_monitor.o
mode_of_transfer    0x1               build/QTPy_m0/usart_sam_ba.o
ptr_data            0x4               build/QTPy_m0/sam_ba_monitor.o
idx_rx_read         0x1               build/QTPy_m0/usart_sam_ba.o
sp                  0x4               build/QTPy_m0/sam_ba_monitor.o
current_number      0x4               build/QTPy_m0/sam_ba_monitor.o
idx_tx_write        0x1               build/QTPy_m0/usart_sam_ba.o
endpointCache       0x220             build/QTPy_m0/cdc_enumerate.o
u32tmp              0x4               build/QTPy_m0/sam_ba_monitor.o
buffer_rx_usart     0x80              build/QTPy_m0/usart_sam_ba.o

Discarded input sections

 .text          0x0000000000000000        0x0 build/QTPy_m0/flash_samd21.o
 .data          0x0000000000000000        0x0 build/QTPy_m0/flash_samd21.o
 .bss           0x0000000000000000        0x0 build/QTPy_m0/flash_samd21.o
 .text.flash_write
                0x0000000000000000       0x90 build/QTPy_m0/flash_samd21.o
 .text          0x0000000000000000        0x0 build/QTPy_m0/init_samd21.o
 .data          0x0000000000000000        0x0 build/QTPy_m0/init_samd21.o
 .bss           0x0000000000000000        0x0 build/QTPy_m0/init_samd21.o
 .data.g_interrupt_enabled
                0x0000000000000000        0x1 build/QTPy_m0/init_samd21.o
 .text          0x0000000000000000        0x0 build/QTPy_m0/startup_samd21.o
 .data          0x0000000000000000        0x0 build/QTPy_m0/startup_samd21.o
 .bss           0x0000000000000000        0x0 build/QTPy_m0/startup_samd21.o
 .text          0x0000000000000000        0x0 build/QTPy_m0/usart_sam_ba.o
 .data          0x0000000000000000        0x0 build/QTPy_m0/usart_sam_ba.o
 .bss           0x0000000000000000        0x0 build/QTPy_m0/usart_sam_ba.o
 .text.usart_open
                0x0000000000000000       0xbc build/QTPy_m0/usart_sam_ba.o
 .text.usart_close
                0x0000000000000000       0x10 build/QTPy_m0/usart_sam_ba.o
 .text.usart_putc
                0x0000000000000000       0x14 build/QTPy_m0/usart_sam_ba.o
 .text.usart_getc
                0x0000000000000000       0x10 build/QTPy_m0/usart_sam_ba.o
 .text.usart_is_rx_ready
                0x0000000000000000       0x10 build/QTPy_m0/usart_sam_ba.o
 .text.usart_sharp_received
                0x0000000000000000       0x1a build/QTPy_m0/usart_sam_ba.o
 .text.usart_readc
                0x0000000000000000       0x20 build/QTPy_m0/usart_sam_ba.o
 .text.usart_putdata
                0x0000000000000000       0x1a build/QTPy_m0/usart_sam_ba.o
 .text.usart_getdata
                0x0000000000000000        0xe build/QTPy_m0/usart_sam_ba.o
 .text.getbytes
                0x0000000000000000       0x60 build/QTPy_m0/usart_sam_ba.o
 .text.getPacket
                0x0000000000000000       0x70 build/QTPy_m0/usart_sam_ba.o
 .text.usart_putdata_xmd
                0x0000000000000000      0x10c build/QTPy_m0/usart_sam_ba.o
 .text.usart_getdata_xmd
                0x0000000000000000       0xb8 build/QTPy_m0/usart_sam_ba.o
 COMMON         0x0000000000000000      0x109 build/QTPy_m0/usart_sam_ba.o
 .text          0x0000000000000000        0x0 build/QTPy_m0/screen.o
 .data          0x0000000000000000        0x0 build/QTPy_m0/screen.o
 .bss           0x0000000000000000        0x0 build/QTPy_m0/screen.o
 .debug_info    0x0000000000000000      0x993 build/QTPy_m0/screen.o
 .debug_abbrev  0x0000000000000000      0x1bd build/QTPy_m0/screen.o
 .debug_aranges
                0x0000000000000000       0x18 build/QTPy_m0/screen.o
 .debug_line    0x0000000000000000      0x1a6 build/QTPy_m0/screen.o
 .debug_str     0x0000000000000000      0x615 build/QTPy_m0/screen.o
 .comment       0x0000000000000000       0x77 build/QTPy_m0/screen.o
 .ARM.attributes
                0x0000000000000000       0x32 build/QTPy_m0/screen.o
 .text          0x0000000000000000        0x0 build/QTPy_m0/images.o
 .data          0x0000000000000000        0x0 build/QTPy_m0/images.o
 .bss           0x0000000000000000        0x0 build/QTPy_m0/images.o
 .rodata.arrowLogo
                0x0000000000000000       0x39 build/QTPy_m0/images.o
 .rodata.fileLogo
                0x0000000000000000       0x4a build/QTPy_m0/images.o
 .rodata.font8  0x0000000000000000      0x240 build/QTPy_m0/images.o
 .rodata.pendriveLogo
                0x0000000000000000       0x3e build/QTPy_m0/images.o
 .debug_info    0x0000000000000000      0x11e build/QTPy_m0/images.o
 .debug_abbrev  0x0000000000000000       0x6a build/QTPy_m0/images.o
 .debug_aranges
                0x0000000000000000       0x18 build/QTPy_m0/images.o
 .debug_line    0x0000000000000000       0xf2 build/QTPy_m0/images.o
 .debug_str     0x0000000000000000      0x1e0 build/QTPy_m0/images.o
 .comment       0x0000000000000000       0x77 build/QTPy_m0/images.o
 .ARM.attributes
                0x0000000000000000       0x32 build/QTPy_m0/images.o
 .text          0x0000000000000000        0x0 build/QTPy_m0/utils.o
 .data          0x0000000000000000        0x0 build/QTPy_m0/utils.o
 .bss           0x0000000000000000        0x0 build/QTPy_m0/utils.o
 .text.panic    0x0000000000000000        0x2 build/QTPy_m0/utils.o
 .text          0x0000000000000000        0x0 build/QTPy_m0/cdc_enumerate.o
 .data          0x0000000000000000        0x0 build/QTPy_m0/cdc_enumerate.o
 .bss           0x0000000000000000        0x0 build/QTPy_m0/cdc_enumerate.o
 .text.reset_ep
                0x0000000000000000       0x24 build/QTPy_m0/cdc_enumerate.o
 .text.stall_ep
                0x0000000000000000       0x20 build/QTPy_m0/cdc_enumerate.o
 .text.cdc_is_rx_ready
                0x0000000000000000       0x20 build/QTPy_m0/cdc_enumerate.o
 .text          0x0000000000000000        0x0 build/QTPy_m0/fat.o
 .data          0x0000000000000000        0x0 build/QTPy_m0/fat.o
 .bss           0x0000000000000000        0x0 build/QTPy_m0/fat.o
 .text          0x0000000000000000        0x0 build/QTPy_m0/main.o
 .data          0x0000000000000000        0x0 build/QTPy_m0/main.o
 .bss           0x0000000000000000        0x0 build/QTPy_m0/main.o
 .text          0x0000000000000000        0x0 build/QTPy_m0/msc.o
 .data          0x0000000000000000        0x0 build/QTPy_m0/msc.o
 .bss           0x0000000000000000        0x0 build/QTPy_m0/msc.o
 .text.msc_reset
                0x0000000000000000       0x1c build/QTPy_m0/msc.o
 .text.udd_ep_set_halt
                0x0000000000000000       0x10 build/QTPy_m0/msc.o
 .bss.mscReset  0x0000000000000000        0x1 build/QTPy_m0/msc.o
 .text          0x0000000000000000        0x0 build/QTPy_m0/sam_ba_monitor.o
 .data          0x0000000000000000        0x0 build/QTPy_m0/sam_ba_monitor.o
 .bss           0x0000000000000000        0x0 build/QTPy_m0/sam_ba_monitor.o
 .text.sam_ba_monitor_init
                0x0000000000000000        0x2 build/QTPy_m0/sam_ba_monitor.o
 .text.sam_ba_putdata_term
                0x0000000000000000        0x8 build/QTPy_m0/sam_ba_monitor.o
 .text          0x0000000000000000        0x0 build/QTPy_m0/uart_driver.o
 .data          0x0000000000000000        0x0 build/QTPy_m0/uart_driver.o
 .bss           0x0000000000000000        0x0 build/QTPy_m0/uart_driver.o
 .text.uart_get_sercom_index
                0x0000000000000000       0x2c build/QTPy_m0/uart_driver.o
 .text.uart_basic_init
                0x0000000000000000       0x58 build/QTPy_m0/uart_driver.o
 .text.uart_disable
                0x0000000000000000       0x10 build/QTPy_m0/uart_driver.o
 .text.uart_write_byte
                0x0000000000000000        0xc build/QTPy_m0/uart_driver.o
 .text.uart_read_byte
                0x0000000000000000       0x28 build/QTPy_m0/uart_driver.o
 .text.uart_write_buffer_polled
                0x0000000000000000       0x20 build/QTPy_m0/uart_driver.o
 .text.uart_read_buffer_polled
                0x0000000000000000       0x3c build/QTPy_m0/uart_driver.o
 .rodata        0x0000000000000000       0x10 build/QTPy_m0/uart_driver.o
 .bss.uart_drv_error_flag
                0x0000000000000000        0x1 build/QTPy_m0/uart_driver.o
 .debug_info    0x0000000000000000     0x291e build/QTPy_m0/uart_driver.o
 .debug_abbrev  0x0000000000000000      0x2f6 build/QTPy_m0/uart_driver.o
 .debug_loc     0x0000000000000000      0x1b1 build/QTPy_m0/uart_driver.o
 .debug_aranges
                0x0000000000000000       0x50 build/QTPy_m0/uart_driver.o
 .debug_ranges  0x0000000000000000       0x58 build/QTPy_m0/uart_driver.o
 .debug_line    0x0000000000000000      0x4cd build/QTPy_m0/uart_driver.o
 .debug_str     0x0000000000000000      0xe09 build/QTPy_m0/uart_driver.o
 .comment       0x0000000000000000       0x77 build/QTPy_m0/uart_driver.o
 .debug_frame   0x0000000000000000       0xb0 build/QTPy_m0/uart_driver.o
 .ARM.attributes
                0x0000000000000000       0x2c build/QTPy_m0/uart_driver.o
 .text          0x0000000000000000        0x0 build/QTPy_m0/hid.o
 .data          0x0000000000000000        0x0 build/QTPy_m0/hid.o
 .bss           0x0000000000000000        0x0 build/QTPy_m0/hid.o
 .data          0x0000000000000000        0x0 /opt/homebrew/Cellar/arm-gcc-bin@8/8-2019-q3-update_2/bin/../lib/gcc/arm-none-eabi/8.3.1/thumb/v6-m/nofp/libgcc.a(_thumb1_case_uqi.o)
 .bss           0x0000000000000000        0x0 /opt/homebrew/Cellar/arm-gcc-bin@8/8-2019-q3-update_2/bin/../lib/gcc/arm-none-eabi/8.3.1/thumb/v6-m/nofp/libgcc.a(_thumb1_case_uqi.o)
 .text          0x0000000000000000        0x0 /opt/homebrew/Cellar/arm-gcc-bin@8/8-2019-q3-update_2/bin/../lib/gcc/arm-none-eabi/8.3.1/../../../../arm-none-eabi/lib/thumb/v6-m/nofp/libg_nano.a(lib_a-memcpy-stub.o)
 .data          0x0000000000000000        0x0 /opt/homebrew/Cellar/arm-gcc-bin@8/8-2019-q3-update_2/bin/../lib/gcc/arm-none-eabi/8.3.1/../../../../arm-none-eabi/lib/thumb/v6-m/nofp/libg_nano.a(lib_a-memcpy-stub.o)
 .bss           0x0000000000000000        0x0 /opt/homebrew/Cellar/arm-gcc-bin@8/8-2019-q3-update_2/bin/../lib/gcc/arm-none-eabi/8.3.1/../../../../arm-none-eabi/lib/thumb/v6-m/nofp/libg_nano.a(lib_a-memcpy-stub.o)
 .text          0x0000000000000000        0x0 /opt/homebrew/Cellar/arm-gcc-bin@8/8-2019-q3-update_2/bin/../lib/gcc/arm-none-eabi/8.3.1/../../../../arm-none-eabi/lib/thumb/v6-m/nofp/libg_nano.a(lib_a-memset.o)
 .data          0x0000000000000000        0x0 /opt/homebrew/Cellar/arm-gcc-bin@8/8-2019-q3-update_2/bin/../lib/gcc/arm-none-eabi/8.3.1/../../../../arm-none-eabi/lib/thumb/v6-m/nofp/libg_nano.a(lib_a-memset.o)
 .bss           0x0000000000000000        0x0 /opt/homebrew/Cellar/arm-gcc-bin@8/8-2019-q3-update_2/bin/../lib/gcc/arm-none-eabi/8.3.1/../../../../arm-none-eabi/lib/thumb/v6-m/nofp/libg_nano.a(lib_a-memset.o)
 .data          0x0000000000000000        0x0 /opt/homebrew/Cellar/arm-gcc-bin@8/8-2019-q3-update_2/bin/../lib/gcc/arm-none-eabi/8.3.1/../../../../arm-none-eabi/lib/thumb/v6-m/nofp/libg_nano.a(lib_a-strlen.o)
 .bss           0x0000000000000000        0x0 /opt/homebrew/Cellar/arm-gcc-bin@8/8-2019-q3-update_2/bin/../lib/gcc/arm-none-eabi/8.3.1/../../../../arm-none-eabi/lib/thumb/v6-m/nofp/libg_nano.a(lib_a-strlen.o)

Memory Configuration

Name             Origin             Length             Attributes
rom              0x0000000000000000 0x0000000000002000 xr
ram              0x0000000020000000 0x0000000000008000 xrw
*default*        0x0000000000000000 0xffffffffffffffff

Linker script and memory map

LOAD build/QTPy_m0/flash_samd21.o
LOAD build/QTPy_m0/init_samd21.o
LOAD build/QTPy_m0/startup_samd21.o
LOAD build/QTPy_m0/usart_sam_ba.o
LOAD build/QTPy_m0/screen.o
LOAD build/QTPy_m0/images.o
LOAD build/QTPy_m0/utils.o
LOAD build/QTPy_m0/cdc_enumerate.o
LOAD build/QTPy_m0/fat.o
LOAD build/QTPy_m0/main.o
LOAD build/QTPy_m0/msc.o
LOAD build/QTPy_m0/sam_ba_monitor.o
LOAD build/QTPy_m0/uart_driver.o
LOAD build/QTPy_m0/hid.o
START GROUP
LOAD /opt/homebrew/Cellar/arm-gcc-bin@8/8-2019-q3-update_2/bin/../lib/gcc/arm-none-eabi/8.3.1/thumb/v6-m/nofp/libgcc.a
LOAD /opt/homebrew/Cellar/arm-gcc-bin@8/8-2019-q3-update_2/bin/../lib/gcc/arm-none-eabi/8.3.1/../../../../arm-none-eabi/lib/thumb/v6-m/nofp/libg_nano.a
LOAD /opt/homebrew/Cellar/arm-gcc-bin@8/8-2019-q3-update_2/bin/../lib/gcc/arm-none-eabi/8.3.1/../../../../arm-none-eabi/lib/thumb/v6-m/nofp/libc_nano.a
END GROUP
START GROUP
LOAD /opt/homebrew/Cellar/arm-gcc-bin@8/8-2019-q3-update_2/bin/../lib/gcc/arm-none-eabi/8.3.1/thumb/v6-m/nofp/libgcc.a
LOAD /opt/homebrew/Cellar/arm-gcc-bin@8/8-2019-q3-update_2/bin/../lib/gcc/arm-none-eabi/8.3.1/../../../../arm-none-eabi/lib/thumb/v6-m/nofp/libc_nano.a
LOAD /opt/homebrew/Cellar/arm-gcc-bin@8/8-2019-q3-update_2/bin/../lib/gcc/arm-none-eabi/8.3.1/../../../../arm-none-eabi/lib/thumb/v6-m/nofp/libnosys.a
END GROUP
START GROUP
LOAD /opt/homebrew/Cellar/arm-gcc-bin@8/8-2019-q3-update_2/bin/../lib/gcc/arm-none-eabi/8.3.1/thumb/v6-m/nofp/libgcc.a
LOAD /opt/homebrew/Cellar/arm-gcc-bin@8/8-2019-q3-update_2/bin/../lib/gcc/arm-none-eabi/8.3.1/../../../../arm-none-eabi/lib/thumb/v6-m/nofp/libc_nano.a
LOAD /opt/homebrew/Cellar/arm-gcc-bin@8/8-2019-q3-update_2/bin/../lib/gcc/arm-none-eabi/8.3.1/../../../../arm-none-eabi/lib/thumb/v6-m/nofp/libnosys.a
END GROUP
                0x0000000000002000                STACK_SIZE = DEFINED (STACK_SIZE)?STACK_SIZE:DEFINED (__stack_size__)?__stack_size__:0x2000

.text           0x0000000000000000     0x1d84
                0x0000000000000000                . = ALIGN (0x4)
                0x0000000000000000                _sfixed = .
 *(.vectors .vectors.*)
 .vectors       0x0000000000000000       0xb4 build/QTPy_m0/startup_samd21.o
                0x0000000000000000                exception_table
 *(.text .text.* .gnu.linkonce.t.*)
 .text.flash_erase_row
                0x00000000000000b4       0x28 build/QTPy_m0/flash_samd21.o
                0x00000000000000b4                flash_erase_row
 .text.flash_erase_to_end
                0x00000000000000dc       0x1c build/QTPy_m0/flash_samd21.o
                0x00000000000000dc                flash_erase_to_end
 .text.copy_words
                0x00000000000000f8       0x14 build/QTPy_m0/flash_samd21.o
                0x00000000000000f8                copy_words
 .text.flash_write_words
                0x000000000000010c       0x54 build/QTPy_m0/flash_samd21.o
                0x000000000000010c                flash_write_words
 .text.flash_write_row
                0x0000000000000160       0x2e build/QTPy_m0/flash_samd21.o
                0x0000000000000160                flash_write_row
 *fill*         0x000000000000018e        0x2 
 .text.dfll_sync
                0x0000000000000190       0x10 build/QTPy_m0/init_samd21.o
 .text.system_init
                0x00000000000001a0       0xbc build/QTPy_m0/init_samd21.o
                0x00000000000001a0                system_init
 .text.SysTick_Handler
                0x000000000000025c        0x8 build/QTPy_m0/init_samd21.o
                0x000000000000025c                SysTick_Handler
 .text.Dummy_Handler
                0x0000000000000264        0x2 build/QTPy_m0/startup_samd21.o
                0x0000000000000264                SYSCTRL_Handler
                0x0000000000000264                AC_Handler
                0x0000000000000264                PendSV_Handler
                0x0000000000000264                NMI_Handler
                0x0000000000000264                SERCOM1_Handler
                0x0000000000000264                ADC_Handler
                0x0000000000000264                TCC1_Handler
                0x0000000000000264                SERCOM2_Handler
                0x0000000000000264                TCC0_Handler
                0x0000000000000264                RTC_Handler
                0x0000000000000264                EIC_Handler
                0x0000000000000264                WDT_Handler
                0x0000000000000264                TC4_Handler
                0x0000000000000264                USB_Handler
                0x0000000000000264                TC3_Handler
                0x0000000000000264                Dummy_Handler
                0x0000000000000264                PM_Handler
                0x0000000000000264                SVC_Handler
                0x0000000000000264                TCC2_Handler
                0x0000000000000264                EVSYS_Handler
                0x0000000000000264                SERCOM3_Handler
                0x0000000000000264                I2S_Handler
                0x0000000000000264                NVMCTRL_Handler
                0x0000000000000264                SERCOM0_Handler
                0x0000000000000264                DAC_Handler
                0x0000000000000264                PTC_Handler
                0x0000000000000264                TC5_Handler
                0x0000000000000264                DMAC_Handler
 .text.HardFault_Handler
                0x0000000000000266        0x2 build/QTPy_m0/startup_samd21.o
                0x0000000000000266                HardFault_Handler
 .text.Reset_Handler
                0x0000000000000268       0xa8 build/QTPy_m0/startup_samd21.o
                0x0000000000000268                Reset_Handler
 .text.add_crc  0x0000000000000310       0x54 build/QTPy_m0/usart_sam_ba.o
                0x0000000000000310                add_crc
 .text.neopixel_send_buffer_core
                0x0000000000000364       0x36 build/QTPy_m0/utils.o
 *fill*         0x000000000000039a        0x2 
 .text.delay    0x000000000000039c       0x28 build/QTPy_m0/utils.o
                0x000000000000039c                delay
 .text.writeNum
                0x00000000000003c4       0x38 build/QTPy_m0/utils.o
                0x00000000000003c4                writeNum
 .text.resetIntoBootloader
                0x00000000000003fc       0x28 build/QTPy_m0/utils.o
                0x00000000000003fc                resetIntoBootloader
 .text.led_tick
                0x0000000000000424       0x58 build/QTPy_m0/utils.o
                0x0000000000000424                led_tick
 .text.led_signal
                0x000000000000047c       0x20 build/QTPy_m0/utils.o
                0x000000000000047c                led_signal
 .text.led_init
                0x000000000000049c       0x10 build/QTPy_m0/utils.o
                0x000000000000049c                led_init
 .text.RGBLED_set_color
                0x00000000000004ac       0x50 build/QTPy_m0/utils.o
                0x00000000000004ac                RGBLED_set_color
 .text.resetIntoApp
                0x00000000000004fc       0x30 build/QTPy_m0/utils.o
                0x00000000000004fc                resetIntoApp
 .text.timerTick
                0x000000000000052c       0x40 build/QTPy_m0/utils.o
                0x000000000000052c                timerTick
 .text.AT91F_InitUSB
                0x000000000000056c      0x108 build/QTPy_m0/cdc_enumerate.o
                0x000000000000056c                AT91F_InitUSB
 .text.USB_ReadCore
                0x0000000000000674       0xe0 build/QTPy_m0/cdc_enumerate.o
                0x0000000000000674                USB_ReadCore
 .text.USB_Read
                0x0000000000000754        0xa build/QTPy_m0/cdc_enumerate.o
                0x0000000000000754                USB_Read
 .text.USB_ReadBlocking
                0x000000000000075e       0x22 build/QTPy_m0/cdc_enumerate.o
                0x000000000000075e                USB_ReadBlocking
 .text.USB_WriteCore
                0x0000000000000780       0x94 build/QTPy_m0/cdc_enumerate.o
                0x0000000000000780                USB_WriteCore
 .text.USB_Write
                0x0000000000000814        0xa build/QTPy_m0/cdc_enumerate.o
                0x0000000000000814                USB_Write
 *fill*         0x000000000000081e        0x2 
 .text.sendCtrl
                0x0000000000000820       0x1c build/QTPy_m0/cdc_enumerate.o
 .text.AT91F_USB_SendZlp
                0x000000000000083c       0x10 build/QTPy_m0/cdc_enumerate.o
                0x000000000000083c                AT91F_USB_SendZlp
 .text.USB_Ok   0x000000000000084c      0x4f8 build/QTPy_m0/cdc_enumerate.o
                0x000000000000084c                USB_Ok
 .text.usb_init
                0x0000000000000d44       0x20 build/QTPy_m0/cdc_enumerate.o
                0x0000000000000d44                usb_init
 .text.cdc_write_buf
                0x0000000000000d64        0xe build/QTPy_m0/cdc_enumerate.o
                0x0000000000000d64                cdc_write_buf
 .text.cdc_write_buf_xmd
                0x0000000000000d72        0xe build/QTPy_m0/cdc_enumerate.o
                0x0000000000000d72                cdc_write_buf_xmd
 .text.cdc_read_buf
                0x0000000000000d80       0x1e build/QTPy_m0/cdc_enumerate.o
                0x0000000000000d80                cdc_read_buf
 .text.cdc_read_buf_xmd
                0x0000000000000d9e       0x22 build/QTPy_m0/cdc_enumerate.o
                0x0000000000000d9e                cdc_read_buf_xmd
 .text.padded_memcpy
                0x0000000000000dc0       0x1e build/QTPy_m0/fat.o
                0x0000000000000dc0                padded_memcpy
 *fill*         0x0000000000000dde        0x2 
 .text.read_block
                0x0000000000000de0      0x174 build/QTPy_m0/fat.o
                0x0000000000000de0                read_block
 .text.write_block
                0x0000000000000f54       0xe8 build/QTPy_m0/fat.o
                0x0000000000000f54                write_block
 .text.startup.main
                0x000000000000103c      0x1ec build/QTPy_m0/main.o
                0x000000000000103c                main
 .text.udi_msc_clear_sense
                0x0000000000001228       0x1c build/QTPy_m0/msc.o
 .text.handover_flash
                0x0000000000001244       0x34 build/QTPy_m0/msc.o
 .text.try_read_cbw
                0x0000000000001278       0x2c build/QTPy_m0/msc.o
                0x0000000000001278                try_read_cbw
 .text.udi_msc_csw_send
                0x00000000000012a4       0x14 build/QTPy_m0/msc.o
                0x00000000000012a4                udi_msc_csw_send
 .text.udi_msc_csw_process
                0x00000000000012b8       0x38 build/QTPy_m0/msc.o
 .text.udi_msc_data_send
                0x00000000000012f0       0x6c build/QTPy_m0/msc.o
 .text.udi_msc_spc_mode_sense
                0x000000000000135c       0x70 build/QTPy_m0/msc.o
 .text.udi_msc_sbc_trans
                0x00000000000013cc       0xc8 build/QTPy_m0/msc.o
 .text.process_msc
                0x0000000000001494      0x140 build/QTPy_m0/msc.o
                0x0000000000001494                process_msc
 .text.handoverPrep
                0x00000000000015d4       0x24 build/QTPy_m0/msc.o
                0x00000000000015d4                handoverPrep
 .text.handover
                0x00000000000015f8       0xe0 build/QTPy_m0/msc.o
 .text.call_applet
                0x00000000000016d8       0x20 build/QTPy_m0/sam_ba_monitor.o
                0x00000000000016d8                call_applet
 .text.put_uint32
                0x00000000000016f8       0x16 build/QTPy_m0/sam_ba_monitor.o
                0x00000000000016f8                put_uint32
 *fill*         0x000000000000170e        0x2 
 .text.sam_ba_monitor_run
                0x0000000000001710      0x250 build/QTPy_m0/sam_ba_monitor.o
                0x0000000000001710                sam_ba_monitor_run
 .text.recv_hf2
                0x0000000000001960       0x56 build/QTPy_m0/hid.o
                0x0000000000001960                recv_hf2
 .text.send_hf2
                0x00000000000019b6       0x46 build/QTPy_m0/hid.o
                0x00000000000019b6                send_hf2
 .text.send_hf2_response
                0x00000000000019fc       0x14 build/QTPy_m0/hid.o
                0x00000000000019fc                send_hf2_response
 .text.process_core
                0x0000000000001a10      0x100 build/QTPy_m0/hid.o
                0x0000000000001a10                process_core
 .text.process_hid
                0x0000000000001b10       0x28 build/QTPy_m0/hid.o
                0x0000000000001b10                process_hid
 .text.hidHandoverLoop
                0x0000000000001b38       0x24 build/QTPy_m0/hid.o
                0x0000000000001b38                hidHandoverLoop
 .text          0x0000000000001b5c       0x14 /opt/homebrew/Cellar/arm-gcc-bin@8/8-2019-q3-update_2/bin/../lib/gcc/arm-none-eabi/8.3.1/thumb/v6-m/nofp/libgcc.a(_thumb1_case_uqi.o)
                0x0000000000001b5c                __gnu_thumb1_case_uqi
 .text.memcpy   0x0000000000001b70       0x12 /opt/homebrew/Cellar/arm-gcc-bin@8/8-2019-q3-update_2/bin/../lib/gcc/arm-none-eabi/8.3.1/../../../../arm-none-eabi/lib/thumb/v6-m/nofp/libg_nano.a(lib_a-memcpy-stub.o)
                0x0000000000001b70                memcpy
 .text.memset   0x0000000000001b82       0x10 /opt/homebrew/Cellar/arm-gcc-bin@8/8-2019-q3-update_2/bin/../lib/gcc/arm-none-eabi/8.3.1/../../../../arm-none-eabi/lib/thumb/v6-m/nofp/libg_nano.a(lib_a-memset.o)
                0x0000000000001b82                memset
 .text          0x0000000000001b92        0xe /opt/homebrew/Cellar/arm-gcc-bin@8/8-2019-q3-update_2/bin/../lib/gcc/arm-none-eabi/8.3.1/../../../../arm-none-eabi/lib/thumb/v6-m/nofp/libg_nano.a(lib_a-strlen.o)
                0x0000000000001b92                strlen
 *(.glue_7t)
 .glue_7t       0x0000000000001ba0        0x0 linker stubs
 *(.glue_7)
 .glue_7        0x0000000000001ba0        0x0 linker stubs
 *(.rodata .rodata* .gnu.linkonce.r.*)
 .rodata        0x0000000000001ba0       0x10 build/QTPy_m0/cdc_enumerate.o
 .rodata.devDescriptor
                0x0000000000001bb0       0x12 build/QTPy_m0/cdc_enumerate.o
                0x0000000000001bb0                devDescriptor
 *fill*         0x0000000000001bc2        0x2 
 .rodata.hidDescriptor
                0x0000000000001bc4       0x21 build/QTPy_m0/cdc_enumerate.o
                0x0000000000001bc4                hidDescriptor
 .rodata.str1.1
                0x0000000000001be5       0x1d build/QTPy_m0/cdc_enumerate.o
 *fill*         0x0000000000001c02        0x2 
 .rodata.string_descriptors
                0x0000000000001c04       0x10 build/QTPy_m0/cdc_enumerate.o
 .rodata.BootBlock
                0x0000000000001c14       0x3e build/QTPy_m0/fat.o
 .rodata.indexFile
                0x0000000000001c52       0x69 build/QTPy_m0/fat.o
                0x0000000000001c52                indexFile
 *fill*         0x0000000000001cbb        0x1 
 .rodata.info   0x0000000000001cbc       0x30 build/QTPy_m0/fat.o
 .rodata.infoUf2File
                0x0000000000001cec       0x4f build/QTPy_m0/fat.o
                0x0000000000001cec                infoUf2File
 .rodata        0x0000000000001d3b        0xc build/QTPy_m0/msc.o
 .rodata.process_msc.str1.1
                0x0000000000001d47        0x9 build/QTPy_m0/msc.o
 .rodata.fullVersion
                0x0000000000001d47       0x2a build/QTPy_m0/sam_ba_monitor.o
 .rodata.sam_ba_monitor_run.str1.1
                0x0000000000001d71       0x10 build/QTPy_m0/sam_ba_monitor.o
 *(.ARM.extab* .gnu.linkonce.armextab.*)
                0x0000000000001d84                . = ALIGN (0x4)
 *fill*         0x0000000000001d81        0x3 
 *(.init)
                0x0000000000001d84                . = ALIGN (0x4)
                0x0000000000001d84                __preinit_array_start = .
 *(.preinit_array)
                0x0000000000001d84                __preinit_array_end = .
                0x0000000000001d84                . = ALIGN (0x4)
                0x0000000000001d84                __init_array_start = .
 *(SORT_BY_NAME(.init_array.*))
 *(.init_array)
                0x0000000000001d84                __init_array_end = .
                0x0000000000001d84                . = ALIGN (0x4)
 *crtbegin.o(.ctors)
 *(EXCLUDE_FILE(*crtend.o) .ctors)
 *(SORT_BY_NAME(.ctors.*))
 *crtend.o(.ctors)
                0x0000000000001d84                . = ALIGN (0x4)
                0x0000000000001d84                _efixed = .
                [!provide]                        PROVIDE (__exidx_start = .)

.vfp11_veneer   0x0000000000001d84        0x0
 .vfp11_veneer  0x0000000000001d84        0x0 linker stubs

.v4_bx          0x0000000000001d84        0x0
 .v4_bx         0x0000000000001d84        0x0 linker stubs

.iplt           0x0000000000001d84        0x0
 .iplt          0x0000000000001d84        0x0 build/QTPy_m0/flash_samd21.o

.igot.plt       0x0000000000001d84        0x0
 .igot.plt      0x0000000000001d84        0x0 build/QTPy_m0/flash_samd21.o

.rel.dyn        0x0000000000001d84        0x0
 .rel.iplt      0x0000000000001d84        0x0 build/QTPy_m0/flash_samd21.o

.ARM.exidx
 *(.ARM.exidx* .gnu.linkonce.armexidx.*)
                [!provide]                        PROVIDE (__exidx_end = .)
                0x0000000000001d84                . = ALIGN (0x4)
                0x0000000000001d84                _etext = .

.relocate       0x0000000020000000      0x1d0 load address 0x0000000000001d84
                0x0000000020000000                . = ALIGN (0x4)
                0x0000000020000000                _srelocate = .
 *(.ramfunc .ramfunc.*)
 *(.data .data.*)
 .data.current_cpu_frequency_MHz
                0x0000000020000000        0x4 build/QTPy_m0/init_samd21.o
                0x0000000020000000                current_cpu_frequency_MHz
 .data.led_tick_step
                0x0000000020000004        0x1 build/QTPy_m0/utils.o
                0x0000000020000004                led_tick_step
 .data.limit    0x0000000020000005        0x1 build/QTPy_m0/utils.o
 *fill*         0x0000000020000006        0x2 
 .data.bosDescriptor
                0x0000000020000008       0x39 build/QTPy_m0/cdc_enumerate.o
 *fill*         0x0000000020000041        0x3 
 .data.cfgDescriptor
                0x0000000020000044       0x99 build/QTPy_m0/cdc_enumerate.o
                0x0000000020000044                cfgDescriptor
 *fill*         0x00000000200000dd        0x3 
 .data.hidCfgDescriptor
                0x00000000200000e0        0x9 build/QTPy_m0/cdc_enumerate.o
                0x00000000200000e0                hidCfgDescriptor
 *fill*         0x00000000200000e9        0x3 
 .data.line_coding
                0x00000000200000ec        0x8 build/QTPy_m0/cdc_enumerate.o
 .data.msOS20Descriptor
                0x00000000200000f4       0xaa build/QTPy_m0/cdc_enumerate.o
 .data.udi_msc_csw
                0x000000002000019e        0xd build/QTPy_m0/msc.o
 *fill*         0x00000000200001ab        0x1 
 .data.udi_msc_inquiry_data.12147
                0x00000000200001ac       0x24 build/QTPy_m0/msc.o
                0x00000000200001d0                . = ALIGN (0x4)
                0x00000000200001d0                _erelocate = .

.bss            0x00000000200001d0      0xc0c load address 0x0000000000001f54
                0x00000000200001d0                . = ALIGN (0x4)
                0x00000000200001d0                _sbss = .
                0x00000000200001d0                _szero = .
 *(.bss .bss.*)
 .bss.crcCache  0x00000000200001d0      0x200 build/QTPy_m0/usart_sam_ba.o
 .bss.led_tick_on
                0x00000000200003d0        0x1 build/QTPy_m0/utils.o
                0x00000000200003d0                led_tick_on
 *fill*         0x00000000200003d1        0x3 
 .bss.now       0x00000000200003d4        0x4 build/QTPy_m0/utils.o
 .bss.signal_end
                0x00000000200003d8        0x4 build/QTPy_m0/utils.o
 .bss.timerLow  0x00000000200003dc        0x4 build/QTPy_m0/utils.o
 .bss.currentConfiguration
                0x00000000200003e0        0x1 build/QTPy_m0/cdc_enumerate.o
 .bss.serial_number
                0x00000000200003e1       0x21 build/QTPy_m0/cdc_enumerate.o
 .bss.wLength   0x0000000020000402        0x2 build/QTPy_m0/cdc_enumerate.o
 .bss.main_b_cdc_enable
                0x0000000020000404        0x1 build/QTPy_m0/main.o
 *fill*         0x0000000020000405        0x3 
 .bss.block_buffer
                0x0000000020000408      0x200 build/QTPy_m0/msc.o
 .bss.sense.12170
                0x0000000020000608       0x14 build/QTPy_m0/msc.o
 .bss.udi_msc_capacity.12180
                0x000000002000061c        0x8 build/QTPy_m0/msc.o
 .bss.udi_msc_cbw
                0x0000000020000624       0x1f build/QTPy_m0/msc.o
 .bss.udi_msc_sense
                0x0000000020000643       0x12 build/QTPy_m0/msc.o
 *fill*         0x0000000020000655        0x3 
 .bss.usbWriteState
                0x0000000020000658       0x98 build/QTPy_m0/msc.o
 .bss.b_sam_ba_interface_usart
                0x00000000200006f0        0x1 build/QTPy_m0/sam_ba_monitor.o
                0x00000000200006f0                b_sam_ba_interface_usart
 *fill*         0x00000000200006f1        0x3 
 .bss.src_buff_addr.11592
                0x00000000200006f4        0x4 build/QTPy_m0/sam_ba_monitor.o
 .bss.hidbufData
                0x00000000200006f8      0x188 build/QTPy_m0/hid.o
 .bss.webbufData
                0x0000000020000880      0x188 build/QTPy_m0/hid.o
 *(COMMON)
 COMMON         0x0000000020000a08        0x8 build/QTPy_m0/utils.o
                0x0000000020000a08                timerHigh
                0x0000000020000a0c                resetHorizon
 COMMON         0x0000000020000a10      0x364 build/QTPy_m0/cdc_enumerate.o
                0x0000000020000a10                ctrlOutCache
                0x0000000020000a54                usb_endpoint_table
                0x0000000020000b54                endpointCache
 COMMON         0x0000000020000d74       0x68 build/QTPy_m0/sam_ba_monitor.o
                0x0000000020000d74                j
                0x0000000020000d78                length
                0x0000000020000d7c                ptr
                0x0000000020000d80                command
                0x0000000020000d84                i
                0x0000000020000d88                data
                0x0000000020000dcc                ptr_data
                0x0000000020000dd0                sp
                0x0000000020000dd4                current_number
                0x0000000020000dd8                u32tmp
                0x0000000020000ddc                . = ALIGN (0x4)
                0x0000000020000ddc                _ebss = .
                0x0000000020000ddc                _ezero = .

.stack          0x0000000020000ddc     0x2004 load address 0x0000000000002b60
                0x0000000020000de0                . = ALIGN (0x8)
 *fill*         0x0000000020000ddc        0x4 
                0x0000000020000de0                _sstack = .
                0x0000000020002de0                . = (. + STACK_SIZE)
 *fill*         0x0000000020000de0     0x2000 
                0x0000000020002de0                . = ALIGN (0x8)
                0x0000000020002de0                _estack = .
                0x0000000020002de0                . = ALIGN (0x4)
                0x0000000020002de0                _end = .
                0x0000000000001ff0                _binfo_start = 0x1ff0

.binfo          0x0000000000001ff0       0x10
 *(.binfo)
 .binfo         0x0000000000001ff0       0x10 build/QTPy_m0/msc.o
                0x0000000000001ff0                binfo
OUTPUT(build/QTPy_m0/bootloader-QTPy_m0-v3.15.0.elf elf32-littlearm)

.debug_info     0x0000000000000000    0x1b013
 .debug_info    0x0000000000000000     0x10f5 build/QTPy_m0/flash_samd21.o
 .debug_info    0x00000000000010f5     0x2599 build/QTPy_m0/init_samd21.o
 .debug_info    0x000000000000368e     0x3995 build/QTPy_m0/startup_samd21.o
 .debug_info    0x0000000000007023     0x4208 build/QTPy_m0/usart_sam_ba.o
 .debug_info    0x000000000000b22b     0x15f2 build/QTPy_m0/utils.o
 .debug_info    0x000000000000c81d     0x497d build/QTPy_m0/cdc_enumerate.o
 .debug_info    0x000000000001119a     0x1121 build/QTPy_m0/fat.o
 .debug_info    0x00000000000122bb     0x2d42 build/QTPy_m0/main.o
 .debug_info    0x0000000000014ffd     0x3cec build/QTPy_m0/msc.o
 .debug_info    0x0000000000018ce9      0xf34 build/QTPy_m0/sam_ba_monitor.o
 .debug_info    0x0000000000019c1d     0x13f6 build/QTPy_m0/hid.o

.debug_abbrev   0x0000000000000000     0x2d42
 .debug_abbrev  0x0000000000000000      0x304 build/QTPy_m0/flash_samd21.o
 .debug_abbrev  0x0000000000000304      0x3b1 build/QTPy_m0/init_samd21.o
 .debug_abbrev  0x00000000000006b5      0x29e build/QTPy_m0/startup_samd21.o
 .debug_abbrev  0x0000000000000953      0x510 build/QTPy_m0/usart_sam_ba.o
 .debug_abbrev  0x0000000000000e63      0x4bd build/QTPy_m0/utils.o
 .debug_abbrev  0x0000000000001320      0x562 build/QTPy_m0/cdc_enumerate.o
 .debug_abbrev  0x0000000000001882      0x369 build/QTPy_m0/fat.o
 .debug_abbrev  0x0000000000001beb      0x3b4 build/QTPy_m0/main.o
 .debug_abbrev  0x0000000000001f9f      0x586 build/QTPy_m0/msc.o
 .debug_abbrev  0x0000000000002525      0x3f1 build/QTPy_m0/sam_ba_monitor.o
 .debug_abbrev  0x0000000000002916      0x42c build/QTPy_m0/hid.o

.debug_loc      0x0000000000000000     0x328a
 .debug_loc     0x0000000000000000      0x492 build/QTPy_m0/flash_samd21.o
 .debug_loc     0x0000000000000492       0x6f build/QTPy_m0/init_samd21.o
 .debug_loc     0x0000000000000501       0x5a build/QTPy_m0/startup_samd21.o
 .debug_loc     0x000000000000055b      0x9e6 build/QTPy_m0/usart_sam_ba.o
 .debug_loc     0x0000000000000f41      0x248 build/QTPy_m0/utils.o
 .debug_loc     0x0000000000001189      0xc28 build/QTPy_m0/cdc_enumerate.o
 .debug_loc     0x0000000000001db1      0x576 build/QTPy_m0/fat.o
 .debug_loc     0x0000000000002327       0x7a build/QTPy_m0/main.o
 .debug_loc     0x00000000000023a1      0x5e7 build/QTPy_m0/msc.o
 .debug_loc     0x0000000000002988      0x252 build/QTPy_m0/sam_ba_monitor.o
 .debug_loc     0x0000000000002bda      0x6b0 build/QTPy_m0/hid.o

.debug_aranges  0x0000000000000000      0x390
 .debug_aranges
                0x0000000000000000       0x48 build/QTPy_m0/flash_samd21.o
 .debug_aranges
                0x0000000000000048       0x30 build/QTPy_m0/init_samd21.o
 .debug_aranges
                0x0000000000000078       0x30 build/QTPy_m0/startup_samd21.o
 .debug_aranges
                0x00000000000000a8       0x88 build/QTPy_m0/usart_sam_ba.o
 .debug_aranges
                0x0000000000000130       0x70 build/QTPy_m0/utils.o
 .debug_aranges
                0x00000000000001a0       0x98 build/QTPy_m0/cdc_enumerate.o
 .debug_aranges
                0x0000000000000238       0x30 build/QTPy_m0/fat.o
 .debug_aranges
                0x0000000000000268       0x20 build/QTPy_m0/main.o
 .debug_aranges
                0x0000000000000288       0x80 build/QTPy_m0/msc.o
 .debug_aranges
                0x0000000000000308       0x40 build/QTPy_m0/sam_ba_monitor.o
 .debug_aranges
                0x0000000000000348       0x48 build/QTPy_m0/hid.o

.debug_ranges   0x0000000000000000      0x790
 .debug_ranges  0x0000000000000000       0xa8 build/QTPy_m0/flash_samd21.o
 .debug_ranges  0x00000000000000a8       0x40 build/QTPy_m0/init_samd21.o
 .debug_ranges  0x00000000000000e8       0x20 build/QTPy_m0/startup_samd21.o
 .debug_ranges  0x0000000000000108       0xb0 build/QTPy_m0/usart_sam_ba.o
 .debug_ranges  0x00000000000001b8       0xe0 build/QTPy_m0/utils.o
 .debug_ranges  0x0000000000000298       0xf8 build/QTPy_m0/cdc_enumerate.o
 .debug_ranges  0x0000000000000390      0x110 build/QTPy_m0/fat.o
 .debug_ranges  0x00000000000004a0       0x40 build/QTPy_m0/main.o
 .debug_ranges  0x00000000000004e0      0x190 build/QTPy_m0/msc.o
 .debug_ranges  0x0000000000000670       0x98 build/QTPy_m0/sam_ba_monitor.o
 .debug_ranges  0x0000000000000708       0x88 build/QTPy_m0/hid.o

.debug_line     0x0000000000000000     0x4840
 .debug_line    0x0000000000000000      0x485 build/QTPy_m0/flash_samd21.o
 .debug_line    0x0000000000000485      0x3ce build/QTPy_m0/init_samd21.o
 .debug_line    0x0000000000000853      0x2a5 build/QTPy_m0/startup_samd21.o
 .debug_line    0x0000000000000af8      0x954 build/QTPy_m0/usart_sam_ba.o
 .debug_line    0x000000000000144c      0x621 build/QTPy_m0/utils.o
 .debug_line    0x0000000000001a6d      0xd1b build/QTPy_m0/cdc_enumerate.o
 .debug_line    0x0000000000002788      0x606 build/QTPy_m0/fat.o
 .debug_line    0x0000000000002d8e      0x603 build/QTPy_m0/main.o
 .debug_line    0x0000000000003391      0x99c build/QTPy_m0/msc.o
 .debug_line    0x0000000000003d2d      0x5e1 build/QTPy_m0/sam_ba_monitor.o
 .debug_line    0x000000000000430e      0x532 build/QTPy_m0/hid.o

.debug_str      0x0000000000000000     0x3f0e
 .debug_str     0x0000000000000000      0x76b build/QTPy_m0/flash_samd21.o
                                        0x84e (size before relaxing)
 .debug_str     0x000000000000076b      0x6cd build/QTPy_m0/init_samd21.o
                                        0xeb7 (size before relaxing)
 .debug_str     0x0000000000000e38      0xed1 build/QTPy_m0/startup_samd21.o
                                       0x136f (size before relaxing)
 .debug_str     0x0000000000001d09      0xc55 build/QTPy_m0/usart_sam_ba.o
                                       0x1419 (size before relaxing)
 .debug_str     0x000000000000295e      0x13c build/QTPy_m0/utils.o
                                        0x93f (size before relaxing)
 .debug_str     0x0000000000002a9a      0x43e build/QTPy_m0/cdc_enumerate.o
                                       0x1686 (size before relaxing)
 .debug_str     0x0000000000002ed8      0x29f build/QTPy_m0/fat.o
                                        0x949 (size before relaxing)
 .debug_str     0x0000000000003177      0x121 build/QTPy_m0/main.o
                                        0xfce (size before relaxing)
 .debug_str     0x0000000000003298      0x9ce build/QTPy_m0/msc.o
                                       0x190d (size before relaxing)
 .debug_str     0x0000000000003c66       0xa9 build/QTPy_m0/sam_ba_monitor.o
                                        0x7f2 (size before relaxing)
 .debug_str     0x0000000000003d0f      0x1ff build/QTPy_m0/hid.o
                                        0x934 (size before relaxing)

.comment        0x0000000000000000       0x76
 .comment       0x0000000000000000       0x76 build/QTPy_m0/flash_samd21.o
                                         0x77 (size before relaxing)
 .comment       0x0000000000000076       0x77 build/QTPy_m0/init_samd21.o
 .comment       0x0000000000000076       0x77 build/QTPy_m0/startup_samd21.o
 .comment       0x0000000000000076       0x77 build/QTPy_m0/usart_sam_ba.o
 .comment       0x0000000000000076       0x77 build/QTPy_m0/utils.o
 .comment       0x0000000000000076       0x77 build/QTPy_m0/cdc_enumerate.o
 .comment       0x0000000000000076       0x77 build/QTPy_m0/fat.o
 .comment       0x0000000000000076       0x77 build/QTPy_m0/main.o
 .comment       0x0000000000000076       0x77 build/QTPy_m0/msc.o
 .comment       0x0000000000000076       0x77 build/QTPy_m0/sam_ba_monitor.o
 .comment       0x0000000000000076       0x77 build/QTPy_m0/hid.o

.ARM.attributes
                0x0000000000000000       0x2a
 .ARM.attributes
                0x0000000000000000       0x2c build/QTPy_m0/flash_samd21.o
 .ARM.attributes
                0x000000000000002c       0x2c build/QTPy_m0/init_samd21.o
 .ARM.attributes
                0x0000000000000058       0x2c build/QTPy_m0/startup_samd21.o
 .ARM.attributes
                0x0000000000000084       0x2c build/QTPy_m0/usart_sam_ba.o
 .ARM.attributes
                0x00000000000000b0       0x2c build/QTPy_m0/utils.o
 .ARM.attributes
                0x00000000000000dc       0x2c build/QTPy_m0/cdc_enumerate.o
 .ARM.attributes
                0x0000000000000108       0x2c build/QTPy_m0/fat.o
 .ARM.attributes
                0x0000000000000134       0x2c build/QTPy_m0/main.o
 .ARM.attributes
                0x0000000000000160       0x2c build/QTPy_m0/msc.o
 .ARM.attributes
                0x000000000000018c       0x2c build/QTPy_m0/sam_ba_monitor.o
 .ARM.attributes
                0x00000000000001b8       0x2c build/QTPy_m0/hid.o
 .ARM.attributes
                0x00000000000001e4       0x1e /opt/homebrew/Cellar/arm-gcc-bin@8/8-2019-q3-update_2/bin/../lib/gcc/arm-none-eabi/8.3.1/thumb/v6-m/nofp/libgcc.a(_thumb1_case_uqi.o)
 .ARM.attributes
                0x0000000000000202       0x2c /opt/homebrew/Cellar/arm-gcc-bin@8/8-2019-q3-update_2/bin/../lib/gcc/arm-none-eabi/8.3.1/../../../../arm-none-eabi/lib/thumb/v6-m/nofp/libg_nano.a(lib_a-memcpy-stub.o)
 .ARM.attributes
                0x000000000000022e       0x2c /opt/homebrew/Cellar/arm-gcc-bin@8/8-2019-q3-update_2/bin/../lib/gcc/arm-none-eabi/8.3.1/../../../../arm-none-eabi/lib/thumb/v6-m/nofp/libg_nano.a(lib_a-memset.o)
 .ARM.attributes
                0x000000000000025a       0x1c /opt/homebrew/Cellar/arm-gcc-bin@8/8-2019-q3-update_2/bin/../lib/gcc/arm-none-eabi/8.3.1/../../../../arm-none-eabi/lib/thumb/v6-m/nofp/libg_nano.a(lib_a-strlen.o)

.debug_frame    0x0000000000000000      0x934
 .debug_frame   0x0000000000000000       0xb0 build/QTPy_m0/flash_samd21.o
 .debug_frame   0x00000000000000b0       0x54 build/QTPy_m0/init_samd21.o
 .debug_frame   0x0000000000000104       0x4c build/QTPy_m0/startup_samd21.o
 .debug_frame   0x0000000000000150      0x184 build/QTPy_m0/usart_sam_ba.o
 .debug_frame   0x00000000000002d4       0xec build/QTPy_m0/utils.o
 .debug_frame   0x00000000000003c0      0x1d0 build/QTPy_m0/cdc_enumerate.o
 .debug_frame   0x0000000000000590       0x68 build/QTPy_m0/fat.o
 .debug_frame   0x00000000000005f8       0x30 build/QTPy_m0/main.o
 .debug_frame   0x0000000000000628      0x170 build/QTPy_m0/msc.o
 .debug_frame   0x0000000000000798       0x94 build/QTPy_m0/sam_ba_monitor.o
 .debug_frame   0x000000000000082c       0xc0 build/QTPy_m0/hid.o
 .debug_frame   0x00000000000008ec       0x28 /opt/homebrew/Cellar/arm-gcc-bin@8/8-2019-q3-update_2/bin/../lib/gcc/arm-none-eabi/8.3.1/../../../../arm-none-eabi/lib/thumb/v6-m/nofp/libg_nano.a(lib_a-memcpy-stub.o)
 .debug_frame   0x0000000000000914       0x20 /opt/homebrew/Cellar/arm-gcc-bin@8/8-2019-q3-update_2/bin/../lib/gcc/arm-none-eabi/8.3.1/../../../../arm-none-eabi/lib/thumb/v6-m/nofp/libg_nano.a(lib_a-memset.o)

Cross Reference Table

Symbol                                            File
AC_Handler                                        build/QTPy_m0/startup_samd21.o
ADC_Handler                                       build/QTPy_m0/startup_samd21.o
AT91F_InitUSB                                     build/QTPy_m0/cdc_enumerate.o
AT91F_USB_SendZlp                                 build/QTPy_m0/cdc_enumerate.o
DAC_Handler                                       build/QTPy_m0/startup_samd21.o
DMAC_Handler                                      build/QTPy_m0/startup_samd21.o
Dummy_Handler                                     build/QTPy_m0/startup_samd21.o
EIC_Handler                                       build/QTPy_m0/startup_samd21.o
EVSYS_Handler                                     build/QTPy_m0/startup_samd21.o
HardFault_Handler                                 build/QTPy_m0/startup_samd21.o
I2S_Handler                                       build/QTPy_m0/startup_samd21.o
NMI_Handler                                       build/QTPy_m0/startup_samd21.o
NVMCTRL_Handler                                   build/QTPy_m0/startup_samd21.o
PM_Handler                                        build/QTPy_m0/startup_samd21.o
PTC_Handler                                       build/QTPy_m0/startup_samd21.o
PendSV_Handler                                    build/QTPy_m0/startup_samd21.o
RGBLED_set_color                                  build/QTPy_m0/utils.o
                                                  build/QTPy_m0/sam_ba_monitor.o
                                                  build/QTPy_m0/main.o
RTC_Handler                                       build/QTPy_m0/startup_samd21.o
Reset_Handler                                     build/QTPy_m0/startup_samd21.o
SERCOM0_Handler                                   build/QTPy_m0/startup_samd21.o
SERCOM1_Handler                                   build/QTPy_m0/startup_samd21.o
SERCOM2_Handler                                   build/QTPy_m0/startup_samd21.o
SERCOM3_Handler                                   build/QTPy_m0/startup_samd21.o
SVC_Handler                                       build/QTPy_m0/startup_samd21.o
SYSCTRL_Handler                                   build/QTPy_m0/startup_samd21.o
SysTick_Handler                                   build/QTPy_m0/init_samd21.o
TC3_Handler                                       build/QTPy_m0/startup_samd21.o
TC4_Handler                                       build/QTPy_m0/startup_samd21.o
TC5_Handler                                       build/QTPy_m0/startup_samd21.o
TCC0_Handler                                      build/QTPy_m0/startup_samd21.o
TCC1_Handler                                      build/QTPy_m0/startup_samd21.o
TCC2_Handler                                      build/QTPy_m0/startup_samd21.o
USB_Handler                                       build/QTPy_m0/startup_samd21.o
USB_Ok                                            build/QTPy_m0/cdc_enumerate.o
                                                  build/QTPy_m0/msc.o
                                                  build/QTPy_m0/main.o
USB_Read                                          build/QTPy_m0/cdc_enumerate.o
USB_ReadBlocking                                  build/QTPy_m0/cdc_enumerate.o
                                                  build/QTPy_m0/msc.o
USB_ReadCore                                      build/QTPy_m0/cdc_enumerate.o
                                                  build/QTPy_m0/hid.o
                                                  build/QTPy_m0/msc.o
USB_Write                                         build/QTPy_m0/cdc_enumerate.o
                                                  build/QTPy_m0/msc.o
USB_WriteCore                                     build/QTPy_m0/cdc_enumerate.o
                                                  build/QTPy_m0/hid.o
                                                  build/QTPy_m0/msc.o
WDT_Handler                                       build/QTPy_m0/startup_samd21.o
__gnu_thumb1_case_uqi                             /opt/homebrew/Cellar/arm-gcc-bin@8/8-2019-q3-update_2/bin/../lib/gcc/arm-none-eabi/8.3.1/thumb/v6-m/nofp/libgcc.a(_thumb1_case_uqi.o)
                                                  build/QTPy_m0/hid.o
_erelocate                                        build/QTPy_m0/startup_samd21.o
_estack                                           build/QTPy_m0/startup_samd21.o
_etext                                            build/QTPy_m0/startup_samd21.o
_ezero                                            build/QTPy_m0/startup_samd21.o
_sfixed                                           build/QTPy_m0/startup_samd21.o
_srelocate                                        build/QTPy_m0/startup_samd21.o
_szero                                            build/QTPy_m0/startup_samd21.o
add_crc                                           build/QTPy_m0/usart_sam_ba.o
                                                  build/QTPy_m0/hid.o
                                                  build/QTPy_m0/sam_ba_monitor.o
arrowLogo                                         build/QTPy_m0/images.o
b_sam_ba_interface_usart                          build/QTPy_m0/sam_ba_monitor.o
b_sharp_received                                  build/QTPy_m0/usart_sam_ba.o
binfo                                             build/QTPy_m0/msc.o
buffer_rx_usart                                   build/QTPy_m0/usart_sam_ba.o
buffer_tx_usart                                   build/QTPy_m0/usart_sam_ba.o
call_applet                                       build/QTPy_m0/sam_ba_monitor.o
cdc_is_rx_ready                                   build/QTPy_m0/cdc_enumerate.o
cdc_read_buf                                      build/QTPy_m0/cdc_enumerate.o
                                                  build/QTPy_m0/sam_ba_monitor.o
cdc_read_buf_xmd                                  build/QTPy_m0/cdc_enumerate.o
                                                  build/QTPy_m0/sam_ba_monitor.o
cdc_write_buf                                     build/QTPy_m0/cdc_enumerate.o
                                                  build/QTPy_m0/sam_ba_monitor.o
cdc_write_buf_xmd                                 build/QTPy_m0/cdc_enumerate.o
                                                  build/QTPy_m0/sam_ba_monitor.o
cfgDescriptor                                     build/QTPy_m0/cdc_enumerate.o
command                                           build/QTPy_m0/sam_ba_monitor.o
copy_words                                        build/QTPy_m0/flash_samd21.o
                                                  build/QTPy_m0/hid.o
ctrlOutCache                                      build/QTPy_m0/cdc_enumerate.o
current_cpu_frequency_MHz                         build/QTPy_m0/init_samd21.o
                                                  build/QTPy_m0/utils.o
current_number                                    build/QTPy_m0/sam_ba_monitor.o
data                                              build/QTPy_m0/sam_ba_monitor.o
delay                                             build/QTPy_m0/utils.o
                                                  build/QTPy_m0/main.o
devDescriptor                                     build/QTPy_m0/cdc_enumerate.o
endpointCache                                     build/QTPy_m0/cdc_enumerate.o
error_timeout                                     build/QTPy_m0/usart_sam_ba.o
exception_table                                   build/QTPy_m0/startup_samd21.o
fileLogo                                          build/QTPy_m0/images.o
flash_erase_row                                   build/QTPy_m0/flash_samd21.o
flash_erase_to_end                                build/QTPy_m0/flash_samd21.o
                                                  build/QTPy_m0/sam_ba_monitor.o
flash_write                                       build/QTPy_m0/flash_samd21.o
flash_write_row                                   build/QTPy_m0/flash_samd21.o
                                                  build/QTPy_m0/hid.o
                                                  build/QTPy_m0/fat.o
flash_write_words                                 build/QTPy_m0/flash_samd21.o
                                                  build/QTPy_m0/sam_ba_monitor.o
font8                                             build/QTPy_m0/images.o
g_interrupt_enabled                               build/QTPy_m0/init_samd21.o
getPacket                                         build/QTPy_m0/usart_sam_ba.o
handoverPrep                                      build/QTPy_m0/msc.o
                                                  build/QTPy_m0/hid.o
hidCfgDescriptor                                  build/QTPy_m0/cdc_enumerate.o
hidDescriptor                                     build/QTPy_m0/cdc_enumerate.o
hidHandoverLoop                                   build/QTPy_m0/hid.o
                                                  build/QTPy_m0/msc.o
i                                                 build/QTPy_m0/sam_ba_monitor.o
idx_rx_read                                       build/QTPy_m0/usart_sam_ba.o
idx_rx_write                                      build/QTPy_m0/usart_sam_ba.o
idx_tx_read                                       build/QTPy_m0/usart_sam_ba.o
idx_tx_write                                      build/QTPy_m0/usart_sam_ba.o
indexFile                                         build/QTPy_m0/fat.o
infoUf2File                                       build/QTPy_m0/fat.o
                                                  build/QTPy_m0/hid.o
                                                  build/QTPy_m0/msc.o
j                                                 build/QTPy_m0/sam_ba_monitor.o
led_init                                          build/QTPy_m0/utils.o
                                                  build/QTPy_m0/main.o
led_signal                                        build/QTPy_m0/utils.o
                                                  build/QTPy_m0/sam_ba_monitor.o
                                                  build/QTPy_m0/msc.o
led_tick                                          build/QTPy_m0/utils.o
                                                  build/QTPy_m0/init_samd21.o
led_tick_on                                       build/QTPy_m0/utils.o
led_tick_step                                     build/QTPy_m0/utils.o
                                                  build/QTPy_m0/main.o
length                                            build/QTPy_m0/sam_ba_monitor.o
main                                              build/QTPy_m0/main.o
                                                  build/QTPy_m0/startup_samd21.o
memcpy                                            /opt/homebrew/Cellar/arm-gcc-bin@8/8-2019-q3-update_2/bin/../lib/gcc/arm-none-eabi/8.3.1/../../../../arm-none-eabi/lib/thumb/v6-m/nofp/libg_nano.a(lib_a-memcpy-stub.o)
                                                  build/QTPy_m0/hid.o
                                                  build/QTPy_m0/sam_ba_monitor.o
                                                  build/QTPy_m0/msc.o
                                                  build/QTPy_m0/fat.o
                                                  build/QTPy_m0/cdc_enumerate.o
memset                                            /opt/homebrew/Cellar/arm-gcc-bin@8/8-2019-q3-update_2/bin/../lib/gcc/arm-none-eabi/8.3.1/../../../../arm-none-eabi/lib/thumb/v6-m/nofp/libg_nano.a(lib_a-memset.o)
                                                  build/QTPy_m0/hid.o
                                                  build/QTPy_m0/msc.o
                                                  build/QTPy_m0/fat.o
                                                  build/QTPy_m0/cdc_enumerate.o
mode_of_transfer                                  build/QTPy_m0/usart_sam_ba.o
mscReset                                          build/QTPy_m0/msc.o
msc_reset                                         build/QTPy_m0/msc.o
padded_memcpy                                     build/QTPy_m0/fat.o
                                                  build/QTPy_m0/msc.o
panic                                             build/QTPy_m0/utils.o
pendriveLogo                                      build/QTPy_m0/images.o
process_core                                      build/QTPy_m0/hid.o
process_hid                                       build/QTPy_m0/hid.o
                                                  build/QTPy_m0/msc.o
process_msc                                       build/QTPy_m0/msc.o
                                                  build/QTPy_m0/sam_ba_monitor.o
ptr                                               build/QTPy_m0/sam_ba_monitor.o
ptr_data                                          build/QTPy_m0/sam_ba_monitor.o
put_uint32                                        build/QTPy_m0/sam_ba_monitor.o
read_block                                        build/QTPy_m0/fat.o
                                                  build/QTPy_m0/msc.o
recv_hf2                                          build/QTPy_m0/hid.o
resetHorizon                                      build/QTPy_m0/utils.o
                                                  build/QTPy_m0/main.o
                                                  build/QTPy_m0/fat.o
resetIntoApp                                      build/QTPy_m0/utils.o
                                                  build/QTPy_m0/hid.o
                                                  build/QTPy_m0/msc.o
resetIntoBootloader                               build/QTPy_m0/utils.o
                                                  build/QTPy_m0/hid.o
                                                  build/QTPy_m0/msc.o
                                                  build/QTPy_m0/main.o
reset_ep                                          build/QTPy_m0/cdc_enumerate.o
                                                  build/QTPy_m0/msc.o
sam_ba_monitor_init                               build/QTPy_m0/sam_ba_monitor.o
sam_ba_monitor_run                                build/QTPy_m0/sam_ba_monitor.o
                                                  build/QTPy_m0/main.o
sam_ba_putdata_term                               build/QTPy_m0/sam_ba_monitor.o
send_hf2                                          build/QTPy_m0/hid.o
send_hf2_response                                 build/QTPy_m0/hid.o
size_of_data                                      build/QTPy_m0/usart_sam_ba.o
sp                                                build/QTPy_m0/sam_ba_monitor.o
stall_ep                                          build/QTPy_m0/cdc_enumerate.o
                                                  build/QTPy_m0/msc.o
strlen                                            /opt/homebrew/Cellar/arm-gcc-bin@8/8-2019-q3-update_2/bin/../lib/gcc/arm-none-eabi/8.3.1/../../../../arm-none-eabi/lib/thumb/v6-m/nofp/libg_nano.a(lib_a-strlen.o)
                                                  build/QTPy_m0/hid.o
                                                  build/QTPy_m0/fat.o
                                                  build/QTPy_m0/cdc_enumerate.o
system_init                                       build/QTPy_m0/init_samd21.o
                                                  build/QTPy_m0/main.o
timerHigh                                         build/QTPy_m0/utils.o
                                                  build/QTPy_m0/main.o
                                                  build/QTPy_m0/fat.o
timerTick                                         build/QTPy_m0/utils.o
                                                  build/QTPy_m0/cdc_enumerate.o
try_read_cbw                                      build/QTPy_m0/msc.o
u32tmp                                            build/QTPy_m0/sam_ba_monitor.o
uart_basic_init                                   build/QTPy_m0/uart_driver.o
                                                  build/QTPy_m0/usart_sam_ba.o
uart_disable                                      build/QTPy_m0/uart_driver.o
                                                  build/QTPy_m0/usart_sam_ba.o
uart_drv_error_flag                               build/QTPy_m0/uart_driver.o
uart_get_sercom_index                             build/QTPy_m0/uart_driver.o
                                                  build/QTPy_m0/usart_sam_ba.o
uart_read_buffer_polled                           build/QTPy_m0/uart_driver.o
uart_read_byte                                    build/QTPy_m0/uart_driver.o
                                                  build/QTPy_m0/usart_sam_ba.o
uart_write_buffer_polled                          build/QTPy_m0/uart_driver.o
uart_write_byte                                   build/QTPy_m0/uart_driver.o
                                                  build/QTPy_m0/usart_sam_ba.o
udd_ep_set_halt                                   build/QTPy_m0/msc.o
udi_msc_csw_send                                  build/QTPy_m0/msc.o
usart_close                                       build/QTPy_m0/usart_sam_ba.o
usart_getc                                        build/QTPy_m0/usart_sam_ba.o
usart_getdata                                     build/QTPy_m0/usart_sam_ba.o
usart_getdata_xmd                                 build/QTPy_m0/usart_sam_ba.o
usart_is_rx_ready                                 build/QTPy_m0/usart_sam_ba.o
usart_open                                        build/QTPy_m0/usart_sam_ba.o
usart_putc                                        build/QTPy_m0/usart_sam_ba.o
usart_putdata                                     build/QTPy_m0/usart_sam_ba.o
usart_putdata_xmd                                 build/QTPy_m0/usart_sam_ba.o
usart_readc                                       build/QTPy_m0/usart_sam_ba.o
usart_sharp_received                              build/QTPy_m0/usart_sam_ba.o
usb_endpoint_table                                build/QTPy_m0/cdc_enumerate.o
usb_init                                          build/QTPy_m0/cdc_enumerate.o
                                                  build/QTPy_m0/main.o
writeNum                                          build/QTPy_m0/utils.o
                                                  build/QTPy_m0/sam_ba_monitor.o
                                                  build/QTPy_m0/cdc_enumerate.o
write_block                                       build/QTPy_m0/fat.o
                                                  build/QTPy_m0/msc.o
